[    0.000000] Initializing cgroup subsys cpuset
[    0.000000] Initializing cgroup subsys cpu
[    0.000000] Initializing cgroup subsys cpuacct
[    0.000000] Linux version 3.10.0-1062.1.1.el7_myms.x86_64 (kau@pm4) (gcc version 4.8.5 20150623 (Red Hat 4.8.5-39) (GCC) ) #1 SMP Tue Jul 14 13:22:07 KST 2020
[    0.000000] Command line: BOOT_IMAGE=/vmlinuz-3.10.0-1062.1.1.el7_myms.x86_64 root=/dev/mapper/centos_pm1-root ro crashkernel=auto rd.lvm.lv=centos_pm1/root rd.lvm.lv=centos_pm1/swap rhgb quiet LANG=en_US.UTF-8
[    0.000000] e820: BIOS-provided physical RAM map:
[    0.000000] BIOS-e820: [mem 0x0000000000000000-0x000000000009ffff] usable
[    0.000000] BIOS-e820: [mem 0x0000000000100000-0x000000007a088fff] usable
[    0.000000] BIOS-e820: [mem 0x000000007a089000-0x000000007af0afff] reserved
[    0.000000] BIOS-e820: [mem 0x000000007af0b000-0x000000007b93afff] ACPI NVS
[    0.000000] BIOS-e820: [mem 0x000000007b93b000-0x000000007bab7fff] ACPI data
[    0.000000] BIOS-e820: [mem 0x000000007bab8000-0x000000007bae8fff] usable
[    0.000000] BIOS-e820: [mem 0x000000007bae9000-0x000000007bafefff] ACPI data
[    0.000000] BIOS-e820: [mem 0x000000007baff000-0x000000007bafffff] usable
[    0.000000] BIOS-e820: [mem 0x0000000080000000-0x000000008fffffff] reserved
[    0.000000] BIOS-e820: [mem 0x00000000feda8000-0x00000000fedabfff] reserved
[    0.000000] BIOS-e820: [mem 0x00000000ff310000-0x00000000ffffffff] reserved
[    0.000000] BIOS-e820: [mem 0x0000000100000000-0x000000107fffffff] usable
[    0.000000] NX (Execute Disable) protection: active
[    0.000000] e820: update [mem 0x71ab9018-0x71ad1457] usable ==> usable
[    0.000000] e820: update [mem 0x71878018-0x7189c657] usable ==> usable
[    0.000000] e820: update [mem 0x71847018-0x71877a57] usable ==> usable
[    0.000000] e820: update [mem 0x71816018-0x71846a57] usable ==> usable
[    0.000000] e820: update [mem 0x717e5018-0x71815a57] usable ==> usable
[    0.000000] e820: update [mem 0x717b4018-0x717e4a57] usable ==> usable
[    0.000000] e820: update [mem 0x73571018-0x73579057] usable ==> usable
[    0.000000] e820: update [mem 0x7179a018-0x717b3857] usable ==> usable
[    0.000000] e820: update [mem 0x720df018-0x720e9a57] usable ==> usable
[    0.000000] e820: update [mem 0x720d4018-0x720dea57] usable ==> usable
[    0.000000] e820: update [mem 0x7178f018-0x71799a57] usable ==> usable
[    0.000000] e820: update [mem 0x71784018-0x7178ea57] usable ==> usable
[    0.000000] extended physical RAM map:
[    0.000000] reserve setup_data: [mem 0x0000000000000000-0x000000000009ffff] usable
[    0.000000] reserve setup_data: [mem 0x0000000000100000-0x0000000071784017] usable
[    0.000000] reserve setup_data: [mem 0x0000000071784018-0x000000007178ea57] usable
[    0.000000] reserve setup_data: [mem 0x000000007178ea58-0x000000007178f017] usable
[    0.000000] reserve setup_data: [mem 0x000000007178f018-0x0000000071799a57] usable
[    0.000000] reserve setup_data: [mem 0x0000000071799a58-0x000000007179a017] usable
[    0.000000] reserve setup_data: [mem 0x000000007179a018-0x00000000717b3857] usable
[    0.000000] reserve setup_data: [mem 0x00000000717b3858-0x00000000717b4017] usable
[    0.000000] reserve setup_data: [mem 0x00000000717b4018-0x00000000717e4a57] usable
[    0.000000] reserve setup_data: [mem 0x00000000717e4a58-0x00000000717e5017] usable
[    0.000000] reserve setup_data: [mem 0x00000000717e5018-0x0000000071815a57] usable
[    0.000000] reserve setup_data: [mem 0x0000000071815a58-0x0000000071816017] usable
[    0.000000] reserve setup_data: [mem 0x0000000071816018-0x0000000071846a57] usable
[    0.000000] reserve setup_data: [mem 0x0000000071846a58-0x0000000071847017] usable
[    0.000000] reserve setup_data: [mem 0x0000000071847018-0x0000000071877a57] usable
[    0.000000] reserve setup_data: [mem 0x0000000071877a58-0x0000000071878017] usable
[    0.000000] reserve setup_data: [mem 0x0000000071878018-0x000000007189c657] usable
[    0.000000] reserve setup_data: [mem 0x000000007189c658-0x0000000071ab9017] usable
[    0.000000] reserve setup_data: [mem 0x0000000071ab9018-0x0000000071ad1457] usable
[    0.000000] reserve setup_data: [mem 0x0000000071ad1458-0x00000000720d4017] usable
[    0.000000] reserve setup_data: [mem 0x00000000720d4018-0x00000000720dea57] usable
[    0.000000] reserve setup_data: [mem 0x00000000720dea58-0x00000000720df017] usable
[    0.000000] reserve setup_data: [mem 0x00000000720df018-0x00000000720e9a57] usable
[    0.000000] reserve setup_data: [mem 0x00000000720e9a58-0x0000000073571017] usable
[    0.000000] reserve setup_data: [mem 0x0000000073571018-0x0000000073579057] usable
[    0.000000] reserve setup_data: [mem 0x0000000073579058-0x000000007a088fff] usable
[    0.000000] reserve setup_data: [mem 0x000000007a089000-0x000000007af0afff] reserved
[    0.000000] reserve setup_data: [mem 0x000000007af0b000-0x000000007b93afff] ACPI NVS
[    0.000000] reserve setup_data: [mem 0x000000007b93b000-0x000000007bab7fff] ACPI data
[    0.000000] reserve setup_data: [mem 0x000000007bab8000-0x000000007bae8fff] usable
[    0.000000] reserve setup_data: [mem 0x000000007bae9000-0x000000007bafefff] ACPI data
[    0.000000] reserve setup_data: [mem 0x000000007baff000-0x000000007bafffff] usable
[    0.000000] reserve setup_data: [mem 0x0000000080000000-0x000000008fffffff] reserved
[    0.000000] reserve setup_data: [mem 0x00000000feda8000-0x00000000fedabfff] reserved
[    0.000000] reserve setup_data: [mem 0x00000000ff310000-0x00000000ffffffff] reserved
[    0.000000] reserve setup_data: [mem 0x0000000100000000-0x000000107fffffff] usable
[    0.000000] efi: EFI v2.40 by Dell Inc.
[    0.000000] efi:  ACPI 2.0=0x7bab7014  SMBIOS=0x7af0a000  ACPI=0x7bab7000 
[    0.000000] efi: mem00: type=3, attr=0xf, range=[0x0000000000000000-0x0000000000001000) (0MB)
[    0.000000] efi: mem01: type=2, attr=0xf, range=[0x0000000000001000-0x0000000000002000) (0MB)
[    0.000000] efi: mem02: type=7, attr=0xf, range=[0x0000000000002000-0x0000000000010000) (0MB)
[    0.000000] efi: mem03: type=3, attr=0xf, range=[0x0000000000010000-0x0000000000014000) (0MB)
[    0.000000] efi: mem04: type=7, attr=0xf, range=[0x0000000000014000-0x0000000000063000) (0MB)
[    0.000000] efi: mem05: type=3, attr=0xf, range=[0x0000000000063000-0x000000000008f000) (0MB)
[    0.000000] efi: mem06: type=7, attr=0xf, range=[0x000000000008f000-0x0000000000090000) (0MB)
[    0.000000] efi: mem07: type=3, attr=0xf, range=[0x0000000000090000-0x00000000000a0000) (0MB)
[    0.000000] efi: mem08: type=7, attr=0xf, range=[0x0000000000100000-0x0000000000c00000) (11MB)
[    0.000000] efi: mem09: type=3, attr=0xf, range=[0x0000000000c00000-0x0000000001000000) (4MB)
[    0.000000] efi: mem10: type=2, attr=0xf, range=[0x0000000001000000-0x0000000003160000) (33MB)
[    0.000000] efi: mem11: type=7, attr=0xf, range=[0x0000000003160000-0x000000003c43a000) (914MB)
[    0.000000] efi: mem12: type=2, attr=0xf, range=[0x000000003c43a000-0x000000005a08a000) (476MB)
[    0.000000] efi: mem13: type=4, attr=0xf, range=[0x000000005a08a000-0x000000005a10a000) (0MB)
[    0.000000] efi: mem14: type=7, attr=0xf, range=[0x000000005a10a000-0x000000006e018000) (319MB)
[    0.000000] efi: mem15: type=4, attr=0xf, range=[0x000000006e018000-0x000000006f02c000) (16MB)
[    0.000000] efi: mem16: type=7, attr=0xf, range=[0x000000006f02c000-0x000000006f4ad000) (4MB)
[    0.000000] efi: mem17: type=4, attr=0xf, range=[0x000000006f4ad000-0x000000006faf8000) (6MB)
[    0.000000] efi: mem18: type=3, attr=0xf, range=[0x000000006faf8000-0x000000006fed4000) (3MB)
[    0.000000] efi: mem19: type=4, attr=0xf, range=[0x000000006fed4000-0x00000000702b3000) (3MB)
[    0.000000] efi: mem20: type=3, attr=0xf, range=[0x00000000702b3000-0x00000000702e5000) (0MB)
[    0.000000] efi: mem21: type=4, attr=0xf, range=[0x00000000702e5000-0x0000000070317000) (0MB)
[    0.000000] efi: mem22: type=3, attr=0xf, range=[0x0000000070317000-0x000000007032b000) (0MB)
[    0.000000] efi: mem23: type=4, attr=0xf, range=[0x000000007032b000-0x000000007033f000) (0MB)
[    0.000000] efi: mem24: type=3, attr=0xf, range=[0x000000007033f000-0x000000007034e000) (0MB)
[    0.000000] efi: mem25: type=4, attr=0xf, range=[0x000000007034e000-0x0000000070351000) (0MB)
[    0.000000] efi: mem26: type=3, attr=0xf, range=[0x0000000070351000-0x00000000703b2000) (0MB)
[    0.000000] efi: mem27: type=4, attr=0xf, range=[0x00000000703b2000-0x00000000703b9000) (0MB)
[    0.000000] efi: mem28: type=3, attr=0xf, range=[0x00000000703b9000-0x00000000703d7000) (0MB)
[    0.000000] efi: mem29: type=4, attr=0xf, range=[0x00000000703d7000-0x00000000703db000) (0MB)
[    0.000000] efi: mem30: type=3, attr=0xf, range=[0x00000000703db000-0x00000000703e8000) (0MB)
[    0.000000] efi: mem31: type=4, attr=0xf, range=[0x00000000703e8000-0x00000000703f5000) (0MB)
[    0.000000] efi: mem32: type=3, attr=0xf, range=[0x00000000703f5000-0x0000000070460000) (0MB)
[    0.000000] efi: mem33: type=4, attr=0xf, range=[0x0000000070460000-0x0000000070461000) (0MB)
[    0.000000] efi: mem34: type=3, attr=0xf, range=[0x0000000070461000-0x000000007047c000) (0MB)
[    0.000000] efi: mem35: type=4, attr=0xf, range=[0x000000007047c000-0x000000007047d000) (0MB)
[    0.000000] efi: mem36: type=3, attr=0xf, range=[0x000000007047d000-0x000000007048a000) (0MB)
[    0.000000] efi: mem37: type=4, attr=0xf, range=[0x000000007048a000-0x000000007048d000) (0MB)
[    0.000000] efi: mem38: type=3, attr=0xf, range=[0x000000007048d000-0x00000000704dc000) (0MB)
[    0.000000] efi: mem39: type=4, attr=0xf, range=[0x00000000704dc000-0x00000000704e6000) (0MB)
[    0.000000] efi: mem40: type=3, attr=0xf, range=[0x00000000704e6000-0x0000000070503000) (0MB)
[    0.000000] efi: mem41: type=4, attr=0xf, range=[0x0000000070503000-0x0000000070507000) (0MB)
[    0.000000] efi: mem42: type=3, attr=0xf, range=[0x0000000070507000-0x0000000070510000) (0MB)
[    0.000000] efi: mem43: type=4, attr=0xf, range=[0x0000000070510000-0x0000000070513000) (0MB)
[    0.000000] efi: mem44: type=3, attr=0xf, range=[0x0000000070513000-0x000000007051f000) (0MB)
[    0.000000] efi: mem45: type=4, attr=0xf, range=[0x000000007051f000-0x00000000709d1000) (4MB)
[    0.000000] efi: mem46: type=7, attr=0xf, range=[0x00000000709d1000-0x0000000071784000) (13MB)
[    0.000000] efi: mem47: type=2, attr=0xf, range=[0x0000000071784000-0x000000007189d000) (1MB)
[    0.000000] efi: mem48: type=1, attr=0xf, range=[0x000000007189d000-0x0000000071ab6000) (2MB)
[    0.000000] efi: mem49: type=7, attr=0xf, range=[0x0000000071ab6000-0x0000000071ab9000) (0MB)
[    0.000000] efi: mem50: type=2, attr=0xf, range=[0x0000000071ab9000-0x0000000071bdd000) (1MB)
[    0.000000] efi: mem51: type=4, attr=0xf, range=[0x0000000071bdd000-0x00000000720a4000) (4MB)
[    0.000000] efi: mem52: type=3, attr=0xf, range=[0x00000000720a4000-0x00000000720cf000) (0MB)
[    0.000000] efi: mem53: type=4, attr=0xf, range=[0x00000000720cf000-0x00000000720d4000) (0MB)
[    0.000000] efi: mem54: type=2, attr=0xf, range=[0x00000000720d4000-0x00000000720ea000) (0MB)
[    0.000000] efi: mem55: type=4, attr=0xf, range=[0x00000000720ea000-0x00000000720fa000) (0MB)
[    0.000000] efi: mem56: type=3, attr=0xf, range=[0x00000000720fa000-0x0000000072110000) (0MB)
[    0.000000] efi: mem57: type=4, attr=0xf, range=[0x0000000072110000-0x0000000072126000) (0MB)
[    0.000000] efi: mem58: type=3, attr=0xf, range=[0x0000000072126000-0x0000000072146000) (0MB)
[    0.000000] efi: mem59: type=4, attr=0xf, range=[0x0000000072146000-0x000000007214d000) (0MB)
[    0.000000] efi: mem60: type=3, attr=0xf, range=[0x000000007214d000-0x0000000072287000) (1MB)
[    0.000000] efi: mem61: type=4, attr=0xf, range=[0x0000000072287000-0x0000000072288000) (0MB)
[    0.000000] efi: mem62: type=3, attr=0xf, range=[0x0000000072288000-0x00000000722e8000) (0MB)
[    0.000000] efi: mem63: type=4, attr=0xf, range=[0x00000000722e8000-0x00000000723ea000) (1MB)
[    0.000000] efi: mem64: type=3, attr=0xf, range=[0x00000000723ea000-0x00000000724f3000) (1MB)
[    0.000000] efi: mem65: type=4, attr=0xf, range=[0x00000000724f3000-0x0000000072586000) (0MB)
[    0.000000] efi: mem66: type=3, attr=0xf, range=[0x0000000072586000-0x000000007259e000) (0MB)
[    0.000000] efi: mem67: type=4, attr=0xf, range=[0x000000007259e000-0x00000000725b6000) (0MB)
[    0.000000] efi: mem68: type=3, attr=0xf, range=[0x00000000725b6000-0x00000000725c8000) (0MB)
[    0.000000] efi: mem69: type=4, attr=0xf, range=[0x00000000725c8000-0x00000000725da000) (0MB)
[    0.000000] efi: mem70: type=3, attr=0xf, range=[0x00000000725da000-0x00000000725eb000) (0MB)
[    0.000000] efi: mem71: type=4, attr=0xf, range=[0x00000000725eb000-0x00000000725fc000) (0MB)
[    0.000000] efi: mem72: type=3, attr=0xf, range=[0x00000000725fc000-0x000000007264a000) (0MB)
[    0.000000] efi: mem73: type=4, attr=0xf, range=[0x000000007264a000-0x0000000072677000) (0MB)
[    0.000000] efi: mem74: type=3, attr=0xf, range=[0x0000000072677000-0x00000000726be000) (0MB)
[    0.000000] efi: mem75: type=4, attr=0xf, range=[0x00000000726be000-0x00000000726e5000) (0MB)
[    0.000000] efi: mem76: type=3, attr=0xf, range=[0x00000000726e5000-0x00000000726f3000) (0MB)
[    0.000000] efi: mem77: type=4, attr=0xf, range=[0x00000000726f3000-0x0000000072701000) (0MB)
[    0.000000] efi: mem78: type=3, attr=0xf, range=[0x0000000072701000-0x0000000072721000) (0MB)
[    0.000000] efi: mem79: type=4, attr=0xf, range=[0x0000000072721000-0x0000000072729000) (0MB)
[    0.000000] efi: mem80: type=3, attr=0xf, range=[0x0000000072729000-0x0000000072754000) (0MB)
[    0.000000] efi: mem81: type=4, attr=0xf, range=[0x0000000072754000-0x000000007275a000) (0MB)
[    0.000000] efi: mem82: type=3, attr=0xf, range=[0x000000007275a000-0x000000007279a000) (0MB)
[    0.000000] efi: mem83: type=4, attr=0xf, range=[0x000000007279a000-0x000000007279e000) (0MB)
[    0.000000] efi: mem84: type=3, attr=0xf, range=[0x000000007279e000-0x00000000727b8000) (0MB)
[    0.000000] efi: mem85: type=4, attr=0xf, range=[0x00000000727b8000-0x00000000727bb000) (0MB)
[    0.000000] efi: mem86: type=3, attr=0xf, range=[0x00000000727bb000-0x00000000727e6000) (0MB)
[    0.000000] efi: mem87: type=4, attr=0xf, range=[0x00000000727e6000-0x00000000727e8000) (0MB)
[    0.000000] efi: mem88: type=3, attr=0xf, range=[0x00000000727e8000-0x0000000072821000) (0MB)
[    0.000000] efi: mem89: type=4, attr=0xf, range=[0x0000000072821000-0x0000000072828000) (0MB)
[    0.000000] efi: mem90: type=3, attr=0xf, range=[0x0000000072828000-0x0000000072846000) (0MB)
[    0.000000] efi: mem91: type=4, attr=0xf, range=[0x0000000072846000-0x000000007284d000) (0MB)
[    0.000000] efi: mem92: type=3, attr=0xf, range=[0x000000007284d000-0x0000000072896000) (0MB)
[    0.000000] efi: mem93: type=4, attr=0xf, range=[0x0000000072896000-0x0000000072898000) (0MB)
[    0.000000] efi: mem94: type=3, attr=0xf, range=[0x0000000072898000-0x00000000728a8000) (0MB)
[    0.000000] efi: mem95: type=4, attr=0xf, range=[0x00000000728a8000-0x00000000728b1000) (0MB)
[    0.000000] efi: mem96: type=3, attr=0xf, range=[0x00000000728b1000-0x00000000728e0000) (0MB)
[    0.000000] efi: mem97: type=4, attr=0xf, range=[0x00000000728e0000-0x00000000728e3000) (0MB)
[    0.000000] efi: mem98: type=3, attr=0xf, range=[0x00000000728e3000-0x0000000072afe000) (2MB)
[    0.000000] efi: mem99: type=4, attr=0xf, range=[0x0000000072afe000-0x0000000072b00000) (0MB)
[    0.000000] efi: mem100: type=3, attr=0xf, range=[0x0000000072b00000-0x0000000072b2b000) (0MB)
[    0.000000] efi: mem101: type=4, attr=0xf, range=[0x0000000072b2b000-0x0000000072b30000) (0MB)
[    0.000000] efi: mem102: type=3, attr=0xf, range=[0x0000000072b30000-0x0000000072b72000) (0MB)
[    0.000000] efi: mem103: type=4, attr=0xf, range=[0x0000000072b72000-0x0000000072b73000) (0MB)
[    0.000000] efi: mem104: type=3, attr=0xf, range=[0x0000000072b73000-0x0000000072bbc000) (0MB)
[    0.000000] efi: mem105: type=4, attr=0xf, range=[0x0000000072bbc000-0x0000000072bf7000) (0MB)
[    0.000000] efi: mem106: type=3, attr=0xf, range=[0x0000000072bf7000-0x0000000072c04000) (0MB)
[    0.000000] efi: mem107: type=4, attr=0xf, range=[0x0000000072c04000-0x0000000072ea2000) (2MB)
[    0.000000] efi: mem108: type=3, attr=0xf, range=[0x0000000072ea2000-0x0000000072f3c000) (0MB)
[    0.000000] efi: mem109: type=4, attr=0xf, range=[0x0000000072f3c000-0x0000000072f3f000) (0MB)
[    0.000000] efi: mem110: type=3, attr=0xf, range=[0x0000000072f3f000-0x0000000072f6f000) (0MB)
[    0.000000] efi: mem111: type=4, attr=0xf, range=[0x0000000072f6f000-0x0000000072f71000) (0MB)
[    0.000000] efi: mem112: type=3, attr=0xf, range=[0x0000000072f71000-0x0000000072f77000) (0MB)
[    0.000000] efi: mem113: type=4, attr=0xf, range=[0x0000000072f77000-0x0000000072f7d000) (0MB)
[    0.000000] efi: mem114: type=3, attr=0xf, range=[0x0000000072f7d000-0x0000000072f88000) (0MB)
[    0.000000] efi: mem115: type=4, attr=0xf, range=[0x0000000072f88000-0x0000000072f8d000) (0MB)
[    0.000000] efi: mem116: type=3, attr=0xf, range=[0x0000000072f8d000-0x000000007300d000) (0MB)
[    0.000000] efi: mem117: type=4, attr=0xf, range=[0x000000007300d000-0x0000000073017000) (0MB)
[    0.000000] efi: mem118: type=3, attr=0xf, range=[0x0000000073017000-0x000000007301e000) (0MB)
[    0.000000] efi: mem119: type=4, attr=0xf, range=[0x000000007301e000-0x0000000073036000) (0MB)
[    0.000000] efi: mem120: type=3, attr=0xf, range=[0x0000000073036000-0x000000007303d000) (0MB)
[    0.000000] efi: mem121: type=4, attr=0xf, range=[0x000000007303d000-0x0000000073044000) (0MB)
[    0.000000] efi: mem122: type=3, attr=0xf, range=[0x0000000073044000-0x0000000073063000) (0MB)
[    0.000000] efi: mem123: type=4, attr=0xf, range=[0x0000000073063000-0x0000000073071000) (0MB)
[    0.000000] efi: mem124: type=3, attr=0xf, range=[0x0000000073071000-0x00000000731de000) (1MB)
[    0.000000] efi: mem125: type=4, attr=0xf, range=[0x00000000731de000-0x00000000731f9000) (0MB)
[    0.000000] efi: mem126: type=3, attr=0xf, range=[0x00000000731f9000-0x00000000732a3000) (0MB)
[    0.000000] efi: mem127: type=4, attr=0xf, range=[0x00000000732a3000-0x00000000732c4000) (0MB)
[    0.000000] efi: mem128: type=3, attr=0xf, range=[0x00000000732c4000-0x00000000732f7000) (0MB)
[    0.000000] efi: mem129: type=4, attr=0xf, range=[0x00000000732f7000-0x0000000073302000) (0MB)
[    0.000000] efi: mem130: type=3, attr=0xf, range=[0x0000000073302000-0x00000000733ea000) (0MB)
[    0.000000] efi: mem131: type=4, attr=0xf, range=[0x00000000733ea000-0x000000007343c000) (0MB)
[    0.000000] efi: mem132: type=3, attr=0xf, range=[0x000000007343c000-0x0000000073456000) (0MB)
[    0.000000] efi: mem133: type=4, attr=0xf, range=[0x0000000073456000-0x0000000073479000) (0MB)
[    0.000000] efi: mem134: type=3, attr=0xf, range=[0x0000000073479000-0x0000000073482000) (0MB)
[    0.000000] efi: mem135: type=4, attr=0xf, range=[0x0000000073482000-0x0000000073485000) (0MB)
[    0.000000] efi: mem136: type=3, attr=0xf, range=[0x0000000073485000-0x000000007348b000) (0MB)
[    0.000000] efi: mem137: type=4, attr=0xf, range=[0x000000007348b000-0x00000000734b0000) (0MB)
[    0.000000] efi: mem138: type=3, attr=0xf, range=[0x00000000734b0000-0x0000000073532000) (0MB)
[    0.000000] efi: mem139: type=4, attr=0xf, range=[0x0000000073532000-0x0000000073571000) (0MB)
[    0.000000] efi: mem140: type=2, attr=0xf, range=[0x0000000073571000-0x000000007357a000) (0MB)
[    0.000000] efi: mem141: type=4, attr=0xf, range=[0x000000007357a000-0x0000000073590000) (0MB)
[    0.000000] efi: mem142: type=3, attr=0xf, range=[0x0000000073590000-0x0000000073598000) (0MB)
[    0.000000] efi: mem143: type=4, attr=0xf, range=[0x0000000073598000-0x000000007359a000) (0MB)
[    0.000000] efi: mem144: type=3, attr=0xf, range=[0x000000007359a000-0x00000000735a0000) (0MB)
[    0.000000] efi: mem145: type=4, attr=0xf, range=[0x00000000735a0000-0x00000000735a2000) (0MB)
[    0.000000] efi: mem146: type=2, attr=0xf, range=[0x00000000735a2000-0x00000000735a5000) (0MB)
[    0.000000] efi: mem147: type=4, attr=0xf, range=[0x00000000735a5000-0x00000000735a7000) (0MB)
[    0.000000] efi: mem148: type=2, attr=0xf, range=[0x00000000735a7000-0x00000000735aa000) (0MB)
[    0.000000] efi: mem149: type=4, attr=0xf, range=[0x00000000735aa000-0x00000000735b4000) (0MB)
[    0.000000] efi: mem150: type=3, attr=0xf, range=[0x00000000735b4000-0x00000000735df000) (0MB)
[    0.000000] efi: mem151: type=4, attr=0xf, range=[0x00000000735df000-0x00000000735e6000) (0MB)
[    0.000000] efi: mem152: type=3, attr=0xf, range=[0x00000000735e6000-0x00000000735ef000) (0MB)
[    0.000000] efi: mem153: type=4, attr=0xf, range=[0x00000000735ef000-0x00000000735f8000) (0MB)
[    0.000000] efi: mem154: type=3, attr=0xf, range=[0x00000000735f8000-0x000000007362d000) (0MB)
[    0.000000] efi: mem155: type=4, attr=0xf, range=[0x000000007362d000-0x0000000073639000) (0MB)
[    0.000000] efi: mem156: type=3, attr=0xf, range=[0x0000000073639000-0x0000000073673000) (0MB)
[    0.000000] efi: mem157: type=4, attr=0xf, range=[0x0000000073673000-0x000000007367c000) (0MB)
[    0.000000] efi: mem158: type=3, attr=0xf, range=[0x000000007367c000-0x00000000736a9000) (0MB)
[    0.000000] efi: mem159: type=4, attr=0xf, range=[0x00000000736a9000-0x00000000736aa000) (0MB)
[    0.000000] efi: mem160: type=3, attr=0xf, range=[0x00000000736aa000-0x00000000736b3000) (0MB)
[    0.000000] efi: mem161: type=4, attr=0xf, range=[0x00000000736b3000-0x00000000736bc000) (0MB)
[    0.000000] efi: mem162: type=3, attr=0xf, range=[0x00000000736bc000-0x00000000736cb000) (0MB)
[    0.000000] efi: mem163: type=4, attr=0xf, range=[0x00000000736cb000-0x00000000736d3000) (0MB)
[    0.000000] efi: mem164: type=3, attr=0xf, range=[0x00000000736d3000-0x00000000736da000) (0MB)
[    0.000000] efi: mem165: type=4, attr=0xf, range=[0x00000000736da000-0x00000000739be000) (2MB)
[    0.000000] efi: mem166: type=3, attr=0xf, range=[0x00000000739be000-0x0000000073a23000) (0MB)
[    0.000000] efi: mem167: type=4, attr=0xf, range=[0x0000000073a23000-0x0000000073a88000) (0MB)
[    0.000000] efi: mem168: type=3, attr=0xf, range=[0x0000000073a88000-0x0000000073ae4000) (0MB)
[    0.000000] efi: mem169: type=4, attr=0xf, range=[0x0000000073ae4000-0x0000000073b40000) (0MB)
[    0.000000] efi: mem170: type=3, attr=0xf, range=[0x0000000073b40000-0x0000000073b8d000) (0MB)
[    0.000000] efi: mem171: type=4, attr=0xf, range=[0x0000000073b8d000-0x0000000073bb5000) (0MB)
[    0.000000] efi: mem172: type=3, attr=0xf, range=[0x0000000073bb5000-0x0000000073bdc000) (0MB)
[    0.000000] efi: mem173: type=4, attr=0xf, range=[0x0000000073bdc000-0x0000000073bf5000) (0MB)
[    0.000000] efi: mem174: type=3, attr=0xf, range=[0x0000000073bf5000-0x0000000073c4a000) (0MB)
[    0.000000] efi: mem175: type=4, attr=0xf, range=[0x0000000073c4a000-0x0000000073c53000) (0MB)
[    0.000000] efi: mem176: type=3, attr=0xf, range=[0x0000000073c53000-0x0000000073c75000) (0MB)
[    0.000000] efi: mem177: type=4, attr=0xf, range=[0x0000000073c75000-0x0000000073c7a000) (0MB)
[    0.000000] efi: mem178: type=3, attr=0xf, range=[0x0000000073c7a000-0x0000000073c9f000) (0MB)
[    0.000000] efi: mem179: type=4, attr=0xf, range=[0x0000000073c9f000-0x0000000073ca4000) (0MB)
[    0.000000] efi: mem180: type=3, attr=0xf, range=[0x0000000073ca4000-0x0000000073ccc000) (0MB)
[    0.000000] efi: mem181: type=4, attr=0xf, range=[0x0000000073ccc000-0x0000000073ccd000) (0MB)
[    0.000000] efi: mem182: type=3, attr=0xf, range=[0x0000000073ccd000-0x0000000073cdf000) (0MB)
[    0.000000] efi: mem183: type=4, attr=0xf, range=[0x0000000073cdf000-0x0000000073ce5000) (0MB)
[    0.000000] efi: mem184: type=3, attr=0xf, range=[0x0000000073ce5000-0x0000000073d72000) (0MB)
[    0.000000] efi: mem185: type=4, attr=0xf, range=[0x0000000073d72000-0x0000000073d73000) (0MB)
[    0.000000] efi: mem186: type=3, attr=0xf, range=[0x0000000073d73000-0x0000000073d8d000) (0MB)
[    0.000000] efi: mem187: type=4, attr=0xf, range=[0x0000000073d8d000-0x0000000073d90000) (0MB)
[    0.000000] efi: mem188: type=3, attr=0xf, range=[0x0000000073d90000-0x0000000073db6000) (0MB)
[    0.000000] efi: mem189: type=4, attr=0xf, range=[0x0000000073db6000-0x0000000073db8000) (0MB)
[    0.000000] efi: mem190: type=3, attr=0xf, range=[0x0000000073db8000-0x0000000073e42000) (0MB)
[    0.000000] efi: mem191: type=4, attr=0xf, range=[0x0000000073e42000-0x0000000073e48000) (0MB)
[    0.000000] efi: mem192: type=3, attr=0xf, range=[0x0000000073e48000-0x0000000073e58000) (0MB)
[    0.000000] efi: mem193: type=4, attr=0xf, range=[0x0000000073e58000-0x0000000073e5a000) (0MB)
[    0.000000] efi: mem194: type=3, attr=0xf, range=[0x0000000073e5a000-0x0000000073e8b000) (0MB)
[    0.000000] efi: mem195: type=4, attr=0xf, range=[0x0000000073e8b000-0x000000007428b000) (4MB)
[    0.000000] efi: mem196: type=3, attr=0xf, range=[0x000000007428b000-0x0000000074314000) (0MB)
[    0.000000] efi: mem197: type=4, attr=0xf, range=[0x0000000074314000-0x0000000074319000) (0MB)
[    0.000000] efi: mem198: type=3, attr=0xf, range=[0x0000000074319000-0x0000000074335000) (0MB)
[    0.000000] efi: mem199: type=4, attr=0xf, range=[0x0000000074335000-0x000000007433d000) (0MB)
[    0.000000] efi: mem200: type=3, attr=0xf, range=[0x000000007433d000-0x0000000074345000) (0MB)
[    0.000000] efi: mem201: type=4, attr=0xf, range=[0x0000000074345000-0x0000000074347000) (0MB)
[    0.000000] efi: mem202: type=3, attr=0xf, range=[0x0000000074347000-0x0000000074354000) (0MB)
[    0.000000] efi: mem203: type=4, attr=0xf, range=[0x0000000074354000-0x0000000074355000) (0MB)
[    0.000000] efi: mem204: type=3, attr=0xf, range=[0x0000000074355000-0x0000000074383000) (0MB)
[    0.000000] efi: mem205: type=4, attr=0xf, range=[0x0000000074383000-0x0000000074388000) (0MB)
[    0.000000] efi: mem206: type=3, attr=0xf, range=[0x0000000074388000-0x00000000743c4000) (0MB)
[    0.000000] efi: mem207: type=4, attr=0xf, range=[0x00000000743c4000-0x00000000743c7000) (0MB)
[    0.000000] efi: mem208: type=3, attr=0xf, range=[0x00000000743c7000-0x00000000743df000) (0MB)
[    0.000000] efi: mem209: type=4, attr=0xf, range=[0x00000000743df000-0x00000000743e5000) (0MB)
[    0.000000] efi: mem210: type=3, attr=0xf, range=[0x00000000743e5000-0x000000007440d000) (0MB)
[    0.000000] efi: mem211: type=4, attr=0xf, range=[0x000000007440d000-0x0000000074410000) (0MB)
[    0.000000] efi: mem212: type=3, attr=0xf, range=[0x0000000074410000-0x000000007441d000) (0MB)
[    0.000000] efi: mem213: type=4, attr=0xf, range=[0x000000007441d000-0x000000007441e000) (0MB)
[    0.000000] efi: mem214: type=3, attr=0xf, range=[0x000000007441e000-0x0000000074496000) (0MB)
[    0.000000] efi: mem215: type=4, attr=0xf, range=[0x0000000074496000-0x000000007449a000) (0MB)
[    0.000000] efi: mem216: type=3, attr=0xf, range=[0x000000007449a000-0x00000000744a1000) (0MB)
[    0.000000] efi: mem217: type=4, attr=0xf, range=[0x00000000744a1000-0x00000000744a2000) (0MB)
[    0.000000] efi: mem218: type=3, attr=0xf, range=[0x00000000744a2000-0x00000000744e0000) (0MB)
[    0.000000] efi: mem219: type=4, attr=0xf, range=[0x00000000744e0000-0x00000000744e1000) (0MB)
[    0.000000] efi: mem220: type=3, attr=0xf, range=[0x00000000744e1000-0x00000000744f3000) (0MB)
[    0.000000] efi: mem221: type=4, attr=0xf, range=[0x00000000744f3000-0x00000000744ff000) (0MB)
[    0.000000] efi: mem222: type=3, attr=0xf, range=[0x00000000744ff000-0x0000000074526000) (0MB)
[    0.000000] efi: mem223: type=4, attr=0xf, range=[0x0000000074526000-0x000000007452a000) (0MB)
[    0.000000] efi: mem224: type=3, attr=0xf, range=[0x000000007452a000-0x0000000074532000) (0MB)
[    0.000000] efi: mem225: type=4, attr=0xf, range=[0x0000000074532000-0x0000000074534000) (0MB)
[    0.000000] efi: mem226: type=3, attr=0xf, range=[0x0000000074534000-0x0000000074564000) (0MB)
[    0.000000] efi: mem227: type=4, attr=0xf, range=[0x0000000074564000-0x0000000074567000) (0MB)
[    0.000000] efi: mem228: type=3, attr=0xf, range=[0x0000000074567000-0x000000007457b000) (0MB)
[    0.000000] efi: mem229: type=4, attr=0xf, range=[0x000000007457b000-0x0000000074582000) (0MB)
[    0.000000] efi: mem230: type=3, attr=0xf, range=[0x0000000074582000-0x0000000074591000) (0MB)
[    0.000000] efi: mem231: type=4, attr=0xf, range=[0x0000000074591000-0x0000000074592000) (0MB)
[    0.000000] efi: mem232: type=3, attr=0xf, range=[0x0000000074592000-0x0000000074598000) (0MB)
[    0.000000] efi: mem233: type=4, attr=0xf, range=[0x0000000074598000-0x000000007459a000) (0MB)
[    0.000000] efi: mem234: type=3, attr=0xf, range=[0x000000007459a000-0x00000000745a0000) (0MB)
[    0.000000] efi: mem235: type=4, attr=0xf, range=[0x00000000745a0000-0x000000007a085000) (90MB)
[    0.000000] efi: mem236: type=3, attr=0xf, range=[0x000000007a085000-0x000000007a086000) (0MB)
[    0.000000] efi: mem237: type=4, attr=0xf, range=[0x000000007a086000-0x000000007a089000) (0MB)
[    0.000000] efi: mem238: type=6, attr=0x800000000000000f, range=[0x000000007a089000-0x000000007a189000) (1MB)
[    0.000000] efi: mem239: type=5, attr=0x800000000000000f, range=[0x000000007a189000-0x000000007a289000) (1MB)
[    0.000000] efi: mem240: type=0, attr=0xf, range=[0x000000007a289000-0x000000007af0b000) (12MB)
[    0.000000] efi: mem241: type=10, attr=0xf, range=[0x000000007af0b000-0x000000007b93b000) (10MB)
[    0.000000] efi: mem242: type=9, attr=0xf, range=[0x000000007b93b000-0x000000007bab8000) (1MB)
[    0.000000] efi: mem243: type=4, attr=0xf, range=[0x000000007bab8000-0x000000007bae9000) (0MB)
[    0.000000] efi: mem244: type=9, attr=0xf, range=[0x000000007bae9000-0x000000007baff000) (0MB)
[    0.000000] efi: mem245: type=4, attr=0xf, range=[0x000000007baff000-0x000000007bb00000) (0MB)
[    0.000000] efi: mem246: type=7, attr=0xf, range=[0x0000000100000000-0x0000001080000000) (63488MB)
[    0.000000] efi: mem247: type=11, attr=0x8000000000000000, range=[0x0000000080000000-0x0000000090000000) (256MB)
[    0.000000] efi: mem248: type=11, attr=0x8000000000000000, range=[0x00000000feda8000-0x00000000fedac000) (0MB)
[    0.000000] efi: mem249: type=11, attr=0x8000000000000000, range=[0x00000000ff310000-0x0000000100000000) (12MB)
[    0.000000] SMBIOS 2.8 present.
[    0.000000] DMI: Dell Inc. PowerEdge R630/02C2CP, BIOS 2.4.3 01/17/2017
[    0.000000] e820: update [mem 0x00000000-0x00000fff] usable ==> reserved
[    0.000000] e820: remove [mem 0x000a0000-0x000fffff] usable
[    0.000000] e820: last_pfn = 0x1080000 max_arch_pfn = 0x400000000
[    0.000000] MTRR default type: uncachable
[    0.000000] MTRR fixed ranges enabled:
[    0.000000]   00000-9FFFF write-back
[    0.000000]   A0000-BFFFF uncachable
[    0.000000]   C0000-FFFFF write-protect
[    0.000000] MTRR variable ranges enabled:
[    0.000000]   0 base 000000000000 mask 3FFF80000000 write-back
[    0.000000]   1 base 000100000000 mask 3FFF00000000 write-back
[    0.000000]   2 base 000200000000 mask 3FFE00000000 write-back
[    0.000000]   3 base 000400000000 mask 3FFC00000000 write-back
[    0.000000]   4 base 000800000000 mask 3FF800000000 write-back
[    0.000000]   5 base 001000000000 mask 3FFF80000000 write-back
[    0.000000]   6 base 0000FF000000 mask 3FFFFF000000 write-protect
[    0.000000]   7 disabled
[    0.000000]   8 disabled
[    0.000000]   9 disabled
[    0.000000] PAT configuration [0-7]: WB  WC  UC- UC  WB  WP  UC- UC  
[    0.000000] e820: last_pfn = 0x7bb00 max_arch_pfn = 0x400000000
[    0.000000] Base memory trampoline at [ffff9940c0099000] 99000 size 24576
[    0.000000] Using GB pages for direct mapping
[    0.000000] BRK [0x313a70000, 0x313a70fff] PGTABLE
[    0.000000] BRK [0x313a71000, 0x313a71fff] PGTABLE
[    0.000000] BRK [0x313a72000, 0x313a72fff] PGTABLE
[    0.000000] BRK [0x313a73000, 0x313a73fff] PGTABLE
[    0.000000] BRK [0x313a74000, 0x313a74fff] PGTABLE
[    0.000000] BRK [0x313a75000, 0x313a75fff] PGTABLE
[    0.000000] BRK [0x313a76000, 0x313a76fff] PGTABLE
[    0.000000] RAMDISK: [mem 0x3c43a000-0x3e4e5fff]
[    0.000000] Early table checksum verification disabled
[    0.000000] ACPI: RSDP 000000007bab7014 00024 (v02 DELL  )
[    0.000000] ACPI: XSDT 000000007bab60e8 000BC (v01 DELL   PE_SC3   00000000      01000013)
[    0.000000] ACPI: FACP 000000007bab2000 000F4 (v04 DELL   PE_SC3   00000000 DELL 00000001)
[    0.000000] ACPI: DSDT 000000007ba9a000 10768 (v02 DELL   PE_SC3   00000003 DELL 00000001)
[    0.000000] ACPI: FACS 000000007b8f3000 00040
[    0.000000] ACPI: MCEJ 000000007bab5000 00130 (v01 INTEL           00000001 INTL 0100000D)
[    0.000000] ACPI: WD__ 000000007bab4000 00134 (v01 DELL   PE_SC3   00000001 DELL 00000001)
[    0.000000] ACPI: SLIC 000000007bab3000 00024 (v01 DELL   PE_SC3   00000001 DELL 00000001)
[    0.000000] ACPI: HPET 000000007bab1000 00038 (v01 DELL   PE_SC3   00000001 DELL 00000001)
[    0.000000] ACPI: APIC 000000007bab0000 00AFC (v02 DELL   PE_SC3   00000000 DELL 00000001)
[    0.000000] ACPI: MCFG 000000007baaf000 0003C (v01 DELL   PE_SC3   00000001 DELL 00000001)
[    0.000000] ACPI: MSCT 000000007baae000 00090 (v01 DELL   PE_SC3   00000001 DELL 00000001)
[    0.000000] ACPI: SLIT 000000007baad000 0006C (v01 DELL   PE_SC3   00000001 DELL 00000001)
[    0.000000] ACPI: SRAT 000000007baab000 01130 (v03 DELL   PE_SC3   00000001 DELL 00000001)
[    0.000000] ACPI: SSDT 000000007b957000 1424A9 (v02 DELL   PE_SC3   00004000 INTL 20121114)
[    0.000000] ACPI: SSDT 000000007b954000 0217F (v02 DELL   PE_SC3   00000002 INTL 20121114)
[    0.000000] ACPI: SSDT 000000007b953000 0006E (v02 DELL   PE_SC3   00000002 INTL 20121114)
[    0.000000] ACPI: PRAD 000000007b952000 00132 (v02   DELL PE_SC3   00000002 INTL 20121114)
[    0.000000] ACPI: DMAR 000000007bafe000 000D8 (v01 DELL   PE_SC3   00000001 DELL 00000001)
[    0.000000] ACPI: HEST 000000007bafd000 0017C (v01 DELL   PE_SC3   00000002 DELL 00000001)
[    0.000000] ACPI: BERT 000000007bafc000 00030 (v01 DELL   PE_SC3   00000002 DELL 00000001)
[    0.000000] ACPI: ERST 000000007bafb000 00230 (v01 DELL   PE_SC3   00000002 DELL 00000001)
[    0.000000] ACPI: EINJ 000000007bafa000 00150 (v01 DELL   PE_SC3   00000002 DELL 00000001)
[    0.000000] ACPI: Local APIC address 0xfee00000
[    0.000000] SRAT: PXM 0 -> APIC 0x00 -> Node 0
[    0.000000] SRAT: PXM 1 -> APIC 0x10 -> Node 1
[    0.000000] SRAT: PXM 0 -> APIC 0x02 -> Node 0
[    0.000000] SRAT: PXM 1 -> APIC 0x12 -> Node 1
[    0.000000] SRAT: PXM 0 -> APIC 0x04 -> Node 0
[    0.000000] SRAT: PXM 1 -> APIC 0x14 -> Node 1
[    0.000000] SRAT: PXM 0 -> APIC 0x06 -> Node 0
[    0.000000] SRAT: PXM 1 -> APIC 0x16 -> Node 1
[    0.000000] SRAT: PXM 0 -> APIC 0x08 -> Node 0
[    0.000000] SRAT: PXM 1 -> APIC 0x18 -> Node 1
[    0.000000] SRAT: PXM 0 -> APIC 0x0a -> Node 0
[    0.000000] SRAT: PXM 1 -> APIC 0x1a -> Node 1
[    0.000000] SRAT: PXM 0 -> APIC 0x0c -> Node 0
[    0.000000] SRAT: PXM 1 -> APIC 0x1c -> Node 1
[    0.000000] SRAT: PXM 0 -> APIC 0x0e -> Node 0
[    0.000000] SRAT: PXM 1 -> APIC 0x1e -> Node 1
[    0.000000] SRAT: PXM 0 -> APIC 0x01 -> Node 0
[    0.000000] SRAT: PXM 1 -> APIC 0x11 -> Node 1
[    0.000000] SRAT: PXM 0 -> APIC 0x03 -> Node 0
[    0.000000] SRAT: PXM 1 -> APIC 0x13 -> Node 1
[    0.000000] SRAT: PXM 0 -> APIC 0x05 -> Node 0
[    0.000000] SRAT: PXM 1 -> APIC 0x15 -> Node 1
[    0.000000] SRAT: PXM 0 -> APIC 0x07 -> Node 0
[    0.000000] SRAT: PXM 1 -> APIC 0x17 -> Node 1
[    0.000000] SRAT: PXM 0 -> APIC 0x09 -> Node 0
[    0.000000] SRAT: PXM 1 -> APIC 0x19 -> Node 1
[    0.000000] SRAT: PXM 0 -> APIC 0x0b -> Node 0
[    0.000000] SRAT: PXM 1 -> APIC 0x1b -> Node 1
[    0.000000] SRAT: PXM 0 -> APIC 0x0d -> Node 0
[    0.000000] SRAT: PXM 1 -> APIC 0x1d -> Node 1
[    0.000000] SRAT: PXM 0 -> APIC 0x0f -> Node 0
[    0.000000] SRAT: PXM 1 -> APIC 0x1f -> Node 1
[    0.000000] SRAT: Node 0 PXM 0 [mem 0x00000000-0x87fffffff]
[    0.000000] SRAT: Node 1 PXM 1 [mem 0x880000000-0x107fffffff]
[    0.000000] NUMA: Initialized distance table, cnt=2
[    0.000000] NODE_DATA(0) allocated [mem 0x87ffd9000-0x87fffffff]
[    0.000000] NODE_DATA(1) allocated [mem 0x107ffd8000-0x107fffefff]
[    0.000000] Reserving 164MB of memory at 720MB for crashkernel (System RAM: 65440MB)
[    0.000000] Zone ranges:
[    0.000000]   DMA      [mem 0x00001000-0x00ffffff]
[    0.000000]   DMA32    [mem 0x01000000-0xffffffff]
[    0.000000]   Normal   [mem 0x100000000-0x107fffffff]
[    0.000000] Movable zone start for each node
[    0.000000] Early memory node ranges
[    0.000000]   node   0: [mem 0x00001000-0x0009ffff]
[    0.000000]   node   0: [mem 0x00100000-0x7a088fff]
[    0.000000]   node   0: [mem 0x7bab8000-0x7bae8fff]
[    0.000000]   node   0: [mem 0x7baff000-0x7bafffff]
[    0.000000]   node   0: [mem 0x100000000-0x87fffffff]
[    0.000000]   node   1: [mem 0x880000000-0x107fffffff]
[    0.000000] Initmem setup node 0 [mem 0x00001000-0x87fffffff]
[    0.000000] On node 0 totalpages: 8364122
[    0.000000]   DMA zone: 64 pages used for memmap
[    0.000000]   DMA zone: 1094 pages reserved
[    0.000000]   DMA zone: 3999 pages, LIFO batch:0
[    0.000000]   DMA32 zone: 7747 pages used for memmap
[    0.000000]   DMA32 zone: 495803 pages, LIFO batch:31
[    0.000000]   Normal zone: 122880 pages used for memmap
[    0.000000]   Normal zone: 7864320 pages, LIFO batch:31
[    0.000000] Initmem setup node 1 [mem 0x880000000-0x107fffffff]
[    0.000000] On node 1 totalpages: 8388608
[    0.000000]   Normal zone: 131072 pages used for memmap
[    0.000000]   Normal zone: 8388608 pages, LIFO batch:31
[    0.000000] ACPI: PM-Timer IO Port: 0x408
[    0.000000] ACPI: Local APIC address 0xfee00000
[    0.000000] ACPI: LAPIC (acpi_id[0x00] lapic_id[0x00] enabled)
[    0.000000] ACPI: LAPIC (acpi_id[0x30] lapic_id[0x10] enabled)
[    0.000000] ACPI: LAPIC (acpi_id[0x02] lapic_id[0x02] enabled)
[    0.000000] ACPI: LAPIC (acpi_id[0x32] lapic_id[0x12] enabled)
[    0.000000] ACPI: LAPIC (acpi_id[0x04] lapic_id[0x04] enabled)
[    0.000000] ACPI: LAPIC (acpi_id[0x34] lapic_id[0x14] enabled)
[    0.000000] ACPI: LAPIC (acpi_id[0x06] lapic_id[0x06] enabled)
[    0.000000] ACPI: LAPIC (acpi_id[0x36] lapic_id[0x16] enabled)
[    0.000000] ACPI: LAPIC (acpi_id[0x08] lapic_id[0x08] enabled)
[    0.000000] ACPI: LAPIC (acpi_id[0x38] lapic_id[0x18] enabled)
[    0.000000] ACPI: LAPIC (acpi_id[0x0a] lapic_id[0x0a] enabled)
[    0.000000] ACPI: LAPIC (acpi_id[0x3a] lapic_id[0x1a] enabled)
[    0.000000] ACPI: LAPIC (acpi_id[0x0c] lapic_id[0x0c] enabled)
[    0.000000] ACPI: LAPIC (acpi_id[0x3c] lapic_id[0x1c] enabled)
[    0.000000] ACPI: LAPIC (acpi_id[0x0e] lapic_id[0x0e] enabled)
[    0.000000] ACPI: LAPIC (acpi_id[0x3e] lapic_id[0x1e] enabled)
[    0.000000] ACPI: LAPIC (acpi_id[0x01] lapic_id[0x01] enabled)
[    0.000000] ACPI: LAPIC (acpi_id[0x31] lapic_id[0x11] enabled)
[    0.000000] ACPI: LAPIC (acpi_id[0x03] lapic_id[0x03] enabled)
[    0.000000] ACPI: LAPIC (acpi_id[0x33] lapic_id[0x13] enabled)
[    0.000000] ACPI: LAPIC (acpi_id[0x05] lapic_id[0x05] enabled)
[    0.000000] ACPI: LAPIC (acpi_id[0x35] lapic_id[0x15] enabled)
[    0.000000] ACPI: LAPIC (acpi_id[0x07] lapic_id[0x07] enabled)
[    0.000000] ACPI: LAPIC (acpi_id[0x37] lapic_id[0x17] enabled)
[    0.000000] ACPI: LAPIC (acpi_id[0x09] lapic_id[0x09] enabled)
[    0.000000] ACPI: LAPIC (acpi_id[0x39] lapic_id[0x19] enabled)
[    0.000000] ACPI: LAPIC (acpi_id[0x0b] lapic_id[0x0b] enabled)
[    0.000000] ACPI: LAPIC (acpi_id[0x3b] lapic_id[0x1b] enabled)
[    0.000000] ACPI: LAPIC (acpi_id[0x0d] lapic_id[0x0d] enabled)
[    0.000000] ACPI: LAPIC (acpi_id[0x3d] lapic_id[0x1d] enabled)
[    0.000000] ACPI: LAPIC (acpi_id[0x0f] lapic_id[0x0f] enabled)
[    0.000000] ACPI: LAPIC (acpi_id[0x3f] lapic_id[0x1f] enabled)
[    0.000000] ACPI: LAPIC (acpi_id[0xff] lapic_id[0xff] disabled)
[    0.000000] ACPI: LAPIC (acpi_id[0xff] lapic_id[0xff] disabled)
[    0.000000] ACPI: LAPIC (acpi_id[0xff] lapic_id[0xff] disabled)
[    0.000000] ACPI: LAPIC (acpi_id[0xff] lapic_id[0xff] disabled)
[    0.000000] ACPI: LAPIC (acpi_id[0xff] lapic_id[0xff] disabled)
[    0.000000] ACPI: LAPIC (acpi_id[0xff] lapic_id[0xff] disabled)
[    0.000000] ACPI: LAPIC (acpi_id[0xff] lapic_id[0xff] disabled)
[    0.000000] ACPI: LAPIC (acpi_id[0xff] lapic_id[0xff] disabled)
[    0.000000] ACPI: LAPIC (acpi_id[0xff] lapic_id[0xff] disabled)
[    0.000000] ACPI: LAPIC (acpi_id[0xff] lapic_id[0xff] disabled)
[    0.000000] ACPI: LAPIC (acpi_id[0xff] lapic_id[0xff] disabled)
[    0.000000] ACPI: LAPIC (acpi_id[0xff] lapic_id[0xff] disabled)
[    0.000000] ACPI: LAPIC (acpi_id[0xff] lapic_id[0xff] disabled)
[    0.000000] ACPI: LAPIC (acpi_id[0xff] lapic_id[0xff] disabled)
[    0.000000] ACPI: LAPIC (acpi_id[0xff] lapic_id[0xff] disabled)
[    0.000000] ACPI: LAPIC (acpi_id[0xff] lapic_id[0xff] disabled)
[    0.000000] ACPI: LAPIC (acpi_id[0xff] lapic_id[0xff] disabled)
[    0.000000] ACPI: LAPIC (acpi_id[0xff] lapic_id[0xff] disabled)
[    0.000000] ACPI: LAPIC (acpi_id[0xff] lapic_id[0xff] disabled)
[    0.000000] ACPI: LAPIC (acpi_id[0xff] lapic_id[0xff] disabled)
[    0.000000] ACPI: LAPIC (acpi_id[0xff] lapic_id[0xff] disabled)
[    0.000000] ACPI: LAPIC (acpi_id[0xff] lapic_id[0xff] disabled)
[    0.000000] ACPI: LAPIC (acpi_id[0xff] lapic_id[0xff] disabled)
[    0.000000] ACPI: LAPIC (acpi_id[0xff] lapic_id[0xff] disabled)
[    0.000000] ACPI: LAPIC (acpi_id[0xff] lapic_id[0xff] disabled)
[    0.000000] ACPI: LAPIC (acpi_id[0xff] lapic_id[0xff] disabled)
[    0.000000] ACPI: LAPIC (acpi_id[0xff] lapic_id[0xff] disabled)
[    0.000000] ACPI: LAPIC (acpi_id[0xff] lapic_id[0xff] disabled)
[    0.000000] ACPI: LAPIC (acpi_id[0xff] lapic_id[0xff] disabled)
[    0.000000] ACPI: LAPIC (acpi_id[0xff] lapic_id[0xff] disabled)
[    0.000000] ACPI: LAPIC (acpi_id[0xff] lapic_id[0xff] disabled)
[    0.000000] ACPI: LAPIC (acpi_id[0xff] lapic_id[0xff] disabled)
[    0.000000] ACPI: LAPIC (acpi_id[0xff] lapic_id[0xff] disabled)
[    0.000000] ACPI: LAPIC (acpi_id[0xff] lapic_id[0xff] disabled)
[    0.000000] ACPI: LAPIC (acpi_id[0xff] lapic_id[0xff] disabled)
[    0.000000] ACPI: LAPIC (acpi_id[0xff] lapic_id[0xff] disabled)
[    0.000000] ACPI: LAPIC (acpi_id[0xff] lapic_id[0xff] disabled)
[    0.000000] ACPI: LAPIC (acpi_id[0xff] lapic_id[0xff] disabled)
[    0.000000] ACPI: LAPIC (acpi_id[0xff] lapic_id[0xff] disabled)
[    0.000000] ACPI: LAPIC (acpi_id[0xff] lapic_id[0xff] disabled)
[    0.000000] ACPI: LAPIC (acpi_id[0xff] lapic_id[0xff] disabled)
[    0.000000] ACPI: LAPIC (acpi_id[0xff] lapic_id[0xff] disabled)
[    0.000000] ACPI: LAPIC (acpi_id[0xff] lapic_id[0xff] disabled)
[    0.000000] ACPI: LAPIC (acpi_id[0xff] lapic_id[0xff] disabled)
[    0.000000] ACPI: LAPIC (acpi_id[0xff] lapic_id[0xff] disabled)
[    0.000000] ACPI: LAPIC (acpi_id[0xff] lapic_id[0xff] disabled)
[    0.000000] ACPI: LAPIC (acpi_id[0xff] lapic_id[0xff] disabled)
[    0.000000] ACPI: LAPIC (acpi_id[0xff] lapic_id[0xff] disabled)
[    0.000000] ACPI: LAPIC (acpi_id[0xff] lapic_id[0xff] disabled)
[    0.000000] ACPI: LAPIC (acpi_id[0xff] lapic_id[0xff] disabled)
[    0.000000] ACPI: LAPIC (acpi_id[0xff] lapic_id[0xff] disabled)
[    0.000000] ACPI: LAPIC (acpi_id[0xff] lapic_id[0xff] disabled)
[    0.000000] ACPI: LAPIC (acpi_id[0xff] lapic_id[0xff] disabled)
[    0.000000] ACPI: LAPIC (acpi_id[0xff] lapic_id[0xff] disabled)
[    0.000000] ACPI: LAPIC (acpi_id[0xff] lapic_id[0xff] disabled)
[    0.000000] ACPI: LAPIC (acpi_id[0xff] lapic_id[0xff] disabled)
[    0.000000] ACPI: LAPIC (acpi_id[0xff] lapic_id[0xff] disabled)
[    0.000000] ACPI: LAPIC (acpi_id[0xff] lapic_id[0xff] disabled)
[    0.000000] ACPI: LAPIC (acpi_id[0xff] lapic_id[0xff] disabled)
[    0.000000] ACPI: LAPIC (acpi_id[0xff] lapic_id[0xff] disabled)
[    0.000000] ACPI: LAPIC (acpi_id[0xff] lapic_id[0xff] disabled)
[    0.000000] ACPI: LAPIC (acpi_id[0xff] lapic_id[0xff] disabled)
[    0.000000] ACPI: LAPIC (acpi_id[0xff] lapic_id[0xff] disabled)
[    0.000000] ACPI: LAPIC (acpi_id[0xff] lapic_id[0xff] disabled)
[    0.000000] ACPI: LAPIC (acpi_id[0xff] lapic_id[0xff] disabled)
[    0.000000] ACPI: LAPIC (acpi_id[0xff] lapic_id[0xff] disabled)
[    0.000000] ACPI: LAPIC (acpi_id[0xff] lapic_id[0xff] disabled)
[    0.000000] ACPI: LAPIC (acpi_id[0xff] lapic_id[0xff] disabled)
[    0.000000] ACPI: LAPIC (acpi_id[0xff] lapic_id[0xff] disabled)
[    0.000000] ACPI: LAPIC (acpi_id[0xff] lapic_id[0xff] disabled)
[    0.000000] ACPI: LAPIC (acpi_id[0xff] lapic_id[0xff] disabled)
[    0.000000] ACPI: LAPIC (acpi_id[0xff] lapic_id[0xff] disabled)
[    0.000000] ACPI: LAPIC (acpi_id[0xff] lapic_id[0xff] disabled)
[    0.000000] ACPI: LAPIC (acpi_id[0xff] lapic_id[0xff] disabled)
[    0.000000] ACPI: LAPIC (acpi_id[0xff] lapic_id[0xff] disabled)
[    0.000000] ACPI: LAPIC (acpi_id[0xff] lapic_id[0xff] disabled)
[    0.000000] ACPI: LAPIC (acpi_id[0xff] lapic_id[0xff] disabled)
[    0.000000] ACPI: LAPIC (acpi_id[0xff] lapic_id[0xff] disabled)
[    0.000000] ACPI: LAPIC (acpi_id[0xff] lapic_id[0xff] disabled)
[    0.000000] ACPI: LAPIC (acpi_id[0xff] lapic_id[0xff] disabled)
[    0.000000] ACPI: LAPIC (acpi_id[0xff] lapic_id[0xff] disabled)
[    0.000000] ACPI: LAPIC (acpi_id[0xff] lapic_id[0xff] disabled)
[    0.000000] ACPI: LAPIC (acpi_id[0xff] lapic_id[0xff] disabled)
[    0.000000] ACPI: LAPIC (acpi_id[0xff] lapic_id[0xff] disabled)
[    0.000000] ACPI: LAPIC (acpi_id[0xff] lapic_id[0xff] disabled)
[    0.000000] ACPI: LAPIC (acpi_id[0xff] lapic_id[0xff] disabled)
[    0.000000] ACPI: LAPIC (acpi_id[0xff] lapic_id[0xff] disabled)
[    0.000000] ACPI: LAPIC (acpi_id[0xff] lapic_id[0xff] disabled)
[    0.000000] ACPI: LAPIC (acpi_id[0xff] lapic_id[0xff] disabled)
[    0.000000] ACPI: LAPIC (acpi_id[0xff] lapic_id[0xff] disabled)
[    0.000000] ACPI: LAPIC (acpi_id[0xff] lapic_id[0xff] disabled)
[    0.000000] ACPI: LAPIC (acpi_id[0xff] lapic_id[0xff] disabled)
[    0.000000] ACPI: LAPIC (acpi_id[0xff] lapic_id[0xff] disabled)
[    0.000000] ACPI: LAPIC (acpi_id[0xff] lapic_id[0xff] disabled)
[    0.000000] ACPI: LAPIC (acpi_id[0xff] lapic_id[0xff] disabled)
[    0.000000] ACPI: LAPIC (acpi_id[0xff] lapic_id[0xff] disabled)
[    0.000000] ACPI: LAPIC (acpi_id[0xff] lapic_id[0xff] disabled)
[    0.000000] ACPI: LAPIC (acpi_id[0xff] lapic_id[0xff] disabled)
[    0.000000] ACPI: LAPIC (acpi_id[0xff] lapic_id[0xff] disabled)
[    0.000000] ACPI: LAPIC (acpi_id[0xff] lapic_id[0xff] disabled)
[    0.000000] ACPI: LAPIC (acpi_id[0xff] lapic_id[0xff] disabled)
[    0.000000] ACPI: LAPIC (acpi_id[0xff] lapic_id[0xff] disabled)
[    0.000000] ACPI: LAPIC (acpi_id[0xff] lapic_id[0xff] disabled)
[    0.000000] ACPI: LAPIC (acpi_id[0xff] lapic_id[0xff] disabled)
[    0.000000] ACPI: LAPIC (acpi_id[0xff] lapic_id[0xff] disabled)
[    0.000000] ACPI: LAPIC (acpi_id[0xff] lapic_id[0xff] disabled)
[    0.000000] ACPI: LAPIC (acpi_id[0xff] lapic_id[0xff] disabled)
[    0.000000] ACPI: LAPIC (acpi_id[0xff] lapic_id[0xff] disabled)
[    0.000000] ACPI: LAPIC (acpi_id[0xff] lapic_id[0xff] disabled)
[    0.000000] ACPI: LAPIC (acpi_id[0xff] lapic_id[0xff] disabled)
[    0.000000] ACPI: LAPIC (acpi_id[0xff] lapic_id[0xff] disabled)
[    0.000000] ACPI: LAPIC (acpi_id[0xff] lapic_id[0xff] disabled)
[    0.000000] ACPI: LAPIC (acpi_id[0xff] lapic_id[0xff] disabled)
[    0.000000] ACPI: LAPIC (acpi_id[0xff] lapic_id[0xff] disabled)
[    0.000000] ACPI: LAPIC (acpi_id[0xff] lapic_id[0xff] disabled)
[    0.000000] ACPI: LAPIC (acpi_id[0xff] lapic_id[0xff] disabled)
[    0.000000] ACPI: LAPIC (acpi_id[0xff] lapic_id[0xff] disabled)
[    0.000000] ACPI: LAPIC (acpi_id[0xff] lapic_id[0xff] disabled)
[    0.000000] ACPI: LAPIC (acpi_id[0xff] lapic_id[0xff] disabled)
[    0.000000] ACPI: LAPIC (acpi_id[0xff] lapic_id[0xff] disabled)
[    0.000000] ACPI: LAPIC (acpi_id[0xff] lapic_id[0xff] disabled)
[    0.000000] ACPI: LAPIC (acpi_id[0xff] lapic_id[0xff] disabled)
[    0.000000] ACPI: LAPIC (acpi_id[0xff] lapic_id[0xff] disabled)
[    0.000000] ACPI: LAPIC (acpi_id[0xff] lapic_id[0xff] disabled)
[    0.000000] ACPI: LAPIC (acpi_id[0xff] lapic_id[0xff] disabled)
[    0.000000] ACPI: LAPIC (acpi_id[0xff] lapic_id[0xff] disabled)
[    0.000000] ACPI: LAPIC (acpi_id[0xff] lapic_id[0xff] disabled)
[    0.000000] ACPI: LAPIC (acpi_id[0xff] lapic_id[0xff] disabled)
[    0.000000] ACPI: LAPIC (acpi_id[0xff] lapic_id[0xff] disabled)
[    0.000000] ACPI: LAPIC (acpi_id[0xff] lapic_id[0xff] disabled)
[    0.000000] ACPI: LAPIC (acpi_id[0xff] lapic_id[0xff] disabled)
[    0.000000] ACPI: LAPIC (acpi_id[0xff] lapic_id[0xff] disabled)
[    0.000000] ACPI: LAPIC (acpi_id[0xff] lapic_id[0xff] disabled)
[    0.000000] ACPI: LAPIC (acpi_id[0xff] lapic_id[0xff] disabled)
[    0.000000] ACPI: LAPIC (acpi_id[0xff] lapic_id[0xff] disabled)
[    0.000000] ACPI: LAPIC (acpi_id[0xff] lapic_id[0xff] disabled)
[    0.000000] ACPI: LAPIC (acpi_id[0xff] lapic_id[0xff] disabled)
[    0.000000] ACPI: LAPIC (acpi_id[0xff] lapic_id[0xff] disabled)
[    0.000000] ACPI: LAPIC (acpi_id[0xff] lapic_id[0xff] disabled)
[    0.000000] ACPI: LAPIC (acpi_id[0xff] lapic_id[0xff] disabled)
[    0.000000] ACPI: LAPIC (acpi_id[0xff] lapic_id[0xff] disabled)
[    0.000000] ACPI: LAPIC (acpi_id[0xff] lapic_id[0xff] disabled)
[    0.000000] ACPI: LAPIC (acpi_id[0xff] lapic_id[0xff] disabled)
[    0.000000] ACPI: LAPIC (acpi_id[0xff] lapic_id[0xff] disabled)
[    0.000000] ACPI: LAPIC (acpi_id[0xff] lapic_id[0xff] disabled)
[    0.000000] ACPI: LAPIC (acpi_id[0xff] lapic_id[0xff] disabled)
[    0.000000] ACPI: LAPIC (acpi_id[0xff] lapic_id[0xff] disabled)
[    0.000000] ACPI: LAPIC (acpi_id[0xff] lapic_id[0xff] disabled)
[    0.000000] ACPI: LAPIC (acpi_id[0xff] lapic_id[0xff] disabled)
[    0.000000] ACPI: LAPIC (acpi_id[0xff] lapic_id[0xff] disabled)
[    0.000000] ACPI: LAPIC (acpi_id[0xff] lapic_id[0xff] disabled)
[    0.000000] ACPI: LAPIC (acpi_id[0xff] lapic_id[0xff] disabled)
[    0.000000] ACPI: LAPIC (acpi_id[0xff] lapic_id[0xff] disabled)
[    0.000000] ACPI: LAPIC (acpi_id[0xff] lapic_id[0xff] disabled)
[    0.000000] ACPI: LAPIC (acpi_id[0xff] lapic_id[0xff] disabled)
[    0.000000] ACPI: LAPIC (acpi_id[0xff] lapic_id[0xff] disabled)
[    0.000000] ACPI: LAPIC (acpi_id[0xff] lapic_id[0xff] disabled)
[    0.000000] ACPI: LAPIC (acpi_id[0xff] lapic_id[0xff] disabled)
[    0.000000] ACPI: LAPIC (acpi_id[0xff] lapic_id[0xff] disabled)
[    0.000000] ACPI: LAPIC (acpi_id[0xff] lapic_id[0xff] disabled)
[    0.000000] ACPI: LAPIC_NMI (acpi_id[0x00] high level lint[0x1])
[    0.000000] ACPI: LAPIC_NMI (acpi_id[0x01] high level lint[0x1])
[    0.000000] ACPI: LAPIC_NMI (acpi_id[0x02] high level lint[0x1])
[    0.000000] ACPI: LAPIC_NMI (acpi_id[0x03] high level lint[0x1])
[    0.000000] ACPI: LAPIC_NMI (acpi_id[0x04] high level lint[0x1])
[    0.000000] ACPI: LAPIC_NMI (acpi_id[0x05] high level lint[0x1])
[    0.000000] ACPI: LAPIC_NMI (acpi_id[0x06] high level lint[0x1])
[    0.000000] ACPI: LAPIC_NMI (acpi_id[0x07] high level lint[0x1])
[    0.000000] ACPI: LAPIC_NMI (acpi_id[0x08] high level lint[0x1])
[    0.000000] ACPI: LAPIC_NMI (acpi_id[0x09] high level lint[0x1])
[    0.000000] ACPI: LAPIC_NMI (acpi_id[0x0a] high level lint[0x1])
[    0.000000] ACPI: LAPIC_NMI (acpi_id[0x0b] high level lint[0x1])
[    0.000000] ACPI: LAPIC_NMI (acpi_id[0x0c] high level lint[0x1])
[    0.000000] ACPI: LAPIC_NMI (acpi_id[0x0d] high level lint[0x1])
[    0.000000] ACPI: LAPIC_NMI (acpi_id[0x0e] high level lint[0x1])
[    0.000000] ACPI: LAPIC_NMI (acpi_id[0x0f] high level lint[0x1])
[    0.000000] ACPI: LAPIC_NMI (acpi_id[0x10] high level lint[0x1])
[    0.000000] ACPI: LAPIC_NMI (acpi_id[0x11] high level lint[0x1])
[    0.000000] ACPI: LAPIC_NMI (acpi_id[0x12] high level lint[0x1])
[    0.000000] ACPI: LAPIC_NMI (acpi_id[0x13] high level lint[0x1])
[    0.000000] ACPI: LAPIC_NMI (acpi_id[0x14] high level lint[0x1])
[    0.000000] ACPI: LAPIC_NMI (acpi_id[0x15] high level lint[0x1])
[    0.000000] ACPI: LAPIC_NMI (acpi_id[0x16] high level lint[0x1])
[    0.000000] ACPI: LAPIC_NMI (acpi_id[0x17] high level lint[0x1])
[    0.000000] ACPI: LAPIC_NMI (acpi_id[0x18] high level lint[0x1])
[    0.000000] ACPI: LAPIC_NMI (acpi_id[0x19] high level lint[0x1])
[    0.000000] ACPI: LAPIC_NMI (acpi_id[0x1a] high level lint[0x1])
[    0.000000] ACPI: LAPIC_NMI (acpi_id[0x1b] high level lint[0x1])
[    0.000000] ACPI: LAPIC_NMI (acpi_id[0x1c] high level lint[0x1])
[    0.000000] ACPI: LAPIC_NMI (acpi_id[0x1d] high level lint[0x1])
[    0.000000] ACPI: LAPIC_NMI (acpi_id[0x1e] high level lint[0x1])
[    0.000000] ACPI: LAPIC_NMI (acpi_id[0x1f] high level lint[0x1])
[    0.000000] ACPI: LAPIC_NMI (acpi_id[0x20] high level lint[0x1])
[    0.000000] ACPI: LAPIC_NMI (acpi_id[0x21] high level lint[0x1])
[    0.000000] ACPI: LAPIC_NMI (acpi_id[0x22] high level lint[0x1])
[    0.000000] ACPI: LAPIC_NMI (acpi_id[0x23] high level lint[0x1])
[    0.000000] ACPI: LAPIC_NMI (acpi_id[0x24] high level lint[0x1])
[    0.000000] ACPI: LAPIC_NMI (acpi_id[0x25] high level lint[0x1])
[    0.000000] ACPI: LAPIC_NMI (acpi_id[0x26] high level lint[0x1])
[    0.000000] ACPI: LAPIC_NMI (acpi_id[0x27] high level lint[0x1])
[    0.000000] ACPI: LAPIC_NMI (acpi_id[0x28] high level lint[0x1])
[    0.000000] ACPI: LAPIC_NMI (acpi_id[0x29] high level lint[0x1])
[    0.000000] ACPI: LAPIC_NMI (acpi_id[0x2a] high level lint[0x1])
[    0.000000] ACPI: LAPIC_NMI (acpi_id[0x2b] high level lint[0x1])
[    0.000000] ACPI: LAPIC_NMI (acpi_id[0x2c] high level lint[0x1])
[    0.000000] ACPI: LAPIC_NMI (acpi_id[0x2d] high level lint[0x1])
[    0.000000] ACPI: LAPIC_NMI (acpi_id[0x2e] high level lint[0x1])
[    0.000000] ACPI: LAPIC_NMI (acpi_id[0x2f] high level lint[0x1])
[    0.000000] ACPI: LAPIC_NMI (acpi_id[0x30] high level lint[0x1])
[    0.000000] ACPI: LAPIC_NMI (acpi_id[0x31] high level lint[0x1])
[    0.000000] ACPI: LAPIC_NMI (acpi_id[0x32] high level lint[0x1])
[    0.000000] ACPI: LAPIC_NMI (acpi_id[0x33] high level lint[0x1])
[    0.000000] ACPI: LAPIC_NMI (acpi_id[0x34] high level lint[0x1])
[    0.000000] ACPI: LAPIC_NMI (acpi_id[0x35] high level lint[0x1])
[    0.000000] ACPI: LAPIC_NMI (acpi_id[0x36] high level lint[0x1])
[    0.000000] ACPI: LAPIC_NMI (acpi_id[0x37] high level lint[0x1])
[    0.000000] ACPI: LAPIC_NMI (acpi_id[0x38] high level lint[0x1])
[    0.000000] ACPI: LAPIC_NMI (acpi_id[0x39] high level lint[0x1])
[    0.000000] ACPI: LAPIC_NMI (acpi_id[0x3a] high level lint[0x1])
[    0.000000] ACPI: LAPIC_NMI (acpi_id[0x3b] high level lint[0x1])
[    0.000000] ACPI: LAPIC_NMI (acpi_id[0x3c] high level lint[0x1])
[    0.000000] ACPI: LAPIC_NMI (acpi_id[0x3d] high level lint[0x1])
[    0.000000] ACPI: LAPIC_NMI (acpi_id[0x3e] high level lint[0x1])
[    0.000000] ACPI: LAPIC_NMI (acpi_id[0x3f] high level lint[0x1])
[    0.000000] ACPI: LAPIC_NMI (acpi_id[0x40] high level lint[0x1])
[    0.000000] ACPI: LAPIC_NMI (acpi_id[0x41] high level lint[0x1])
[    0.000000] ACPI: LAPIC_NMI (acpi_id[0x42] high level lint[0x1])
[    0.000000] ACPI: LAPIC_NMI (acpi_id[0x43] high level lint[0x1])
[    0.000000] ACPI: LAPIC_NMI (acpi_id[0x44] high level lint[0x1])
[    0.000000] ACPI: LAPIC_NMI (acpi_id[0x45] high level lint[0x1])
[    0.000000] ACPI: LAPIC_NMI (acpi_id[0x46] high level lint[0x1])
[    0.000000] ACPI: LAPIC_NMI (acpi_id[0x47] high level lint[0x1])
[    0.000000] ACPI: LAPIC_NMI (acpi_id[0x48] high level lint[0x1])
[    0.000000] ACPI: LAPIC_NMI (acpi_id[0x49] high level lint[0x1])
[    0.000000] ACPI: LAPIC_NMI (acpi_id[0x4a] high level lint[0x1])
[    0.000000] ACPI: LAPIC_NMI (acpi_id[0x4b] high level lint[0x1])
[    0.000000] ACPI: LAPIC_NMI (acpi_id[0x4c] high level lint[0x1])
[    0.000000] ACPI: LAPIC_NMI (acpi_id[0x4d] high level lint[0x1])
[    0.000000] ACPI: LAPIC_NMI (acpi_id[0x4e] high level lint[0x1])
[    0.000000] ACPI: LAPIC_NMI (acpi_id[0x4f] high level lint[0x1])
[    0.000000] ACPI: LAPIC_NMI (acpi_id[0x50] high level lint[0x1])
[    0.000000] ACPI: LAPIC_NMI (acpi_id[0x51] high level lint[0x1])
[    0.000000] ACPI: LAPIC_NMI (acpi_id[0x52] high level lint[0x1])
[    0.000000] ACPI: LAPIC_NMI (acpi_id[0x53] high level lint[0x1])
[    0.000000] ACPI: LAPIC_NMI (acpi_id[0x54] high level lint[0x1])
[    0.000000] ACPI: LAPIC_NMI (acpi_id[0x55] high level lint[0x1])
[    0.000000] ACPI: LAPIC_NMI (acpi_id[0x56] high level lint[0x1])
[    0.000000] ACPI: LAPIC_NMI (acpi_id[0x57] high level lint[0x1])
[    0.000000] ACPI: LAPIC_NMI (acpi_id[0x58] high level lint[0x1])
[    0.000000] ACPI: LAPIC_NMI (acpi_id[0x59] high level lint[0x1])
[    0.000000] ACPI: LAPIC_NMI (acpi_id[0x5a] high level lint[0x1])
[    0.000000] ACPI: LAPIC_NMI (acpi_id[0x5b] high level lint[0x1])
[    0.000000] ACPI: LAPIC_NMI (acpi_id[0x5c] high level lint[0x1])
[    0.000000] ACPI: LAPIC_NMI (acpi_id[0x5d] high level lint[0x1])
[    0.000000] ACPI: LAPIC_NMI (acpi_id[0x5e] high level lint[0x1])
[    0.000000] ACPI: LAPIC_NMI (acpi_id[0x5f] high level lint[0x1])
[    0.000000] ACPI: LAPIC_NMI (acpi_id[0x60] high level lint[0x1])
[    0.000000] ACPI: LAPIC_NMI (acpi_id[0x61] high level lint[0x1])
[    0.000000] ACPI: LAPIC_NMI (acpi_id[0x62] high level lint[0x1])
[    0.000000] ACPI: LAPIC_NMI (acpi_id[0x63] high level lint[0x1])
[    0.000000] ACPI: LAPIC_NMI (acpi_id[0x64] high level lint[0x1])
[    0.000000] ACPI: LAPIC_NMI (acpi_id[0x65] high level lint[0x1])
[    0.000000] ACPI: LAPIC_NMI (acpi_id[0x66] high level lint[0x1])
[    0.000000] ACPI: LAPIC_NMI (acpi_id[0x67] high level lint[0x1])
[    0.000000] ACPI: LAPIC_NMI (acpi_id[0x68] high level lint[0x1])
[    0.000000] ACPI: LAPIC_NMI (acpi_id[0x69] high level lint[0x1])
[    0.000000] ACPI: LAPIC_NMI (acpi_id[0x6a] high level lint[0x1])
[    0.000000] ACPI: LAPIC_NMI (acpi_id[0x6b] high level lint[0x1])
[    0.000000] ACPI: LAPIC_NMI (acpi_id[0x6c] high level lint[0x1])
[    0.000000] ACPI: LAPIC_NMI (acpi_id[0x6d] high level lint[0x1])
[    0.000000] ACPI: LAPIC_NMI (acpi_id[0x6e] high level lint[0x1])
[    0.000000] ACPI: LAPIC_NMI (acpi_id[0x6f] high level lint[0x1])
[    0.000000] ACPI: LAPIC_NMI (acpi_id[0x70] high level lint[0x1])
[    0.000000] ACPI: LAPIC_NMI (acpi_id[0x71] high level lint[0x1])
[    0.000000] ACPI: LAPIC_NMI (acpi_id[0x72] high level lint[0x1])
[    0.000000] ACPI: LAPIC_NMI (acpi_id[0x73] high level lint[0x1])
[    0.000000] ACPI: LAPIC_NMI (acpi_id[0x74] high level lint[0x1])
[    0.000000] ACPI: LAPIC_NMI (acpi_id[0x75] high level lint[0x1])
[    0.000000] ACPI: LAPIC_NMI (acpi_id[0x76] high level lint[0x1])
[    0.000000] ACPI: LAPIC_NMI (acpi_id[0x77] high level lint[0x1])
[    0.000000] ACPI: LAPIC_NMI (acpi_id[0x78] high level lint[0x1])
[    0.000000] ACPI: LAPIC_NMI (acpi_id[0x79] high level lint[0x1])
[    0.000000] ACPI: LAPIC_NMI (acpi_id[0x7a] high level lint[0x1])
[    0.000000] ACPI: LAPIC_NMI (acpi_id[0x7b] high level lint[0x1])
[    0.000000] ACPI: LAPIC_NMI (acpi_id[0x7c] high level lint[0x1])
[    0.000000] ACPI: LAPIC_NMI (acpi_id[0x7d] high level lint[0x1])
[    0.000000] ACPI: LAPIC_NMI (acpi_id[0x7e] high level lint[0x1])
[    0.000000] ACPI: LAPIC_NMI (acpi_id[0x7f] high level lint[0x1])
[    0.000000] ACPI: LAPIC_NMI (acpi_id[0x80] high level lint[0x1])
[    0.000000] ACPI: LAPIC_NMI (acpi_id[0x81] high level lint[0x1])
[    0.000000] ACPI: LAPIC_NMI (acpi_id[0x82] high level lint[0x1])
[    0.000000] ACPI: LAPIC_NMI (acpi_id[0x83] high level lint[0x1])
[    0.000000] ACPI: LAPIC_NMI (acpi_id[0x84] high level lint[0x1])
[    0.000000] ACPI: LAPIC_NMI (acpi_id[0x85] high level lint[0x1])
[    0.000000] ACPI: LAPIC_NMI (acpi_id[0x86] high level lint[0x1])
[    0.000000] ACPI: LAPIC_NMI (acpi_id[0x87] high level lint[0x1])
[    0.000000] ACPI: LAPIC_NMI (acpi_id[0x88] high level lint[0x1])
[    0.000000] ACPI: LAPIC_NMI (acpi_id[0x89] high level lint[0x1])
[    0.000000] ACPI: LAPIC_NMI (acpi_id[0x8a] high level lint[0x1])
[    0.000000] ACPI: LAPIC_NMI (acpi_id[0x8b] high level lint[0x1])
[    0.000000] ACPI: LAPIC_NMI (acpi_id[0x8c] high level lint[0x1])
[    0.000000] ACPI: LAPIC_NMI (acpi_id[0x8d] high level lint[0x1])
[    0.000000] ACPI: LAPIC_NMI (acpi_id[0x8e] high level lint[0x1])
[    0.000000] ACPI: LAPIC_NMI (acpi_id[0x8f] high level lint[0x1])
[    0.000000] ACPI: LAPIC_NMI (acpi_id[0x90] high level lint[0x1])
[    0.000000] ACPI: LAPIC_NMI (acpi_id[0x91] high level lint[0x1])
[    0.000000] ACPI: LAPIC_NMI (acpi_id[0x92] high level lint[0x1])
[    0.000000] ACPI: LAPIC_NMI (acpi_id[0x93] high level lint[0x1])
[    0.000000] ACPI: LAPIC_NMI (acpi_id[0x94] high level lint[0x1])
[    0.000000] ACPI: LAPIC_NMI (acpi_id[0x95] high level lint[0x1])
[    0.000000] ACPI: LAPIC_NMI (acpi_id[0x96] high level lint[0x1])
[    0.000000] ACPI: LAPIC_NMI (acpi_id[0x97] high level lint[0x1])
[    0.000000] ACPI: LAPIC_NMI (acpi_id[0x98] high level lint[0x1])
[    0.000000] ACPI: LAPIC_NMI (acpi_id[0x99] high level lint[0x1])
[    0.000000] ACPI: LAPIC_NMI (acpi_id[0x9a] high level lint[0x1])
[    0.000000] ACPI: LAPIC_NMI (acpi_id[0x9b] high level lint[0x1])
[    0.000000] ACPI: LAPIC_NMI (acpi_id[0x9c] high level lint[0x1])
[    0.000000] ACPI: LAPIC_NMI (acpi_id[0x9d] high level lint[0x1])
[    0.000000] ACPI: LAPIC_NMI (acpi_id[0x9e] high level lint[0x1])
[    0.000000] ACPI: LAPIC_NMI (acpi_id[0x9f] high level lint[0x1])
[    0.000000] ACPI: LAPIC_NMI (acpi_id[0xa0] high level lint[0x1])
[    0.000000] ACPI: LAPIC_NMI (acpi_id[0xa1] high level lint[0x1])
[    0.000000] ACPI: LAPIC_NMI (acpi_id[0xa2] high level lint[0x1])
[    0.000000] ACPI: LAPIC_NMI (acpi_id[0xa3] high level lint[0x1])
[    0.000000] ACPI: LAPIC_NMI (acpi_id[0xa4] high level lint[0x1])
[    0.000000] ACPI: LAPIC_NMI (acpi_id[0xa5] high level lint[0x1])
[    0.000000] ACPI: LAPIC_NMI (acpi_id[0xa6] high level lint[0x1])
[    0.000000] ACPI: LAPIC_NMI (acpi_id[0xa7] high level lint[0x1])
[    0.000000] ACPI: LAPIC_NMI (acpi_id[0xa8] high level lint[0x1])
[    0.000000] ACPI: LAPIC_NMI (acpi_id[0xa9] high level lint[0x1])
[    0.000000] ACPI: LAPIC_NMI (acpi_id[0xaa] high level lint[0x1])
[    0.000000] ACPI: LAPIC_NMI (acpi_id[0xab] high level lint[0x1])
[    0.000000] ACPI: LAPIC_NMI (acpi_id[0xac] high level lint[0x1])
[    0.000000] ACPI: LAPIC_NMI (acpi_id[0xad] high level lint[0x1])
[    0.000000] ACPI: LAPIC_NMI (acpi_id[0xae] high level lint[0x1])
[    0.000000] ACPI: LAPIC_NMI (acpi_id[0xaf] high level lint[0x1])
[    0.000000] ACPI: LAPIC_NMI (acpi_id[0xb0] high level lint[0x1])
[    0.000000] ACPI: LAPIC_NMI (acpi_id[0xb1] high level lint[0x1])
[    0.000000] ACPI: LAPIC_NMI (acpi_id[0xb2] high level lint[0x1])
[    0.000000] ACPI: LAPIC_NMI (acpi_id[0xb3] high level lint[0x1])
[    0.000000] ACPI: LAPIC_NMI (acpi_id[0xb4] high level lint[0x1])
[    0.000000] ACPI: LAPIC_NMI (acpi_id[0xb5] high level lint[0x1])
[    0.000000] ACPI: LAPIC_NMI (acpi_id[0xb6] high level lint[0x1])
[    0.000000] ACPI: LAPIC_NMI (acpi_id[0xb7] high level lint[0x1])
[    0.000000] ACPI: LAPIC_NMI (acpi_id[0xb8] high level lint[0x1])
[    0.000000] ACPI: LAPIC_NMI (acpi_id[0xb9] high level lint[0x1])
[    0.000000] ACPI: LAPIC_NMI (acpi_id[0xba] high level lint[0x1])
[    0.000000] ACPI: LAPIC_NMI (acpi_id[0xbb] high level lint[0x1])
[    0.000000] ACPI: LAPIC_NMI (acpi_id[0xbc] high level lint[0x1])
[    0.000000] ACPI: LAPIC_NMI (acpi_id[0xbd] high level lint[0x1])
[    0.000000] ACPI: LAPIC_NMI (acpi_id[0xbe] high level lint[0x1])
[    0.000000] ACPI: LAPIC_NMI (acpi_id[0xbf] high level lint[0x1])
[    0.000000] ACPI: IOAPIC (id[0x08] address[0xfec00000] gsi_base[0])
[    0.000000] IOAPIC[0]: apic_id 8, version 32, address 0xfec00000, GSI 0-23
[    0.000000] ACPI: IOAPIC (id[0x09] address[0xfec01000] gsi_base[24])
[    0.000000] IOAPIC[1]: apic_id 9, version 32, address 0xfec01000, GSI 24-47
[    0.000000] ACPI: IOAPIC (id[0x0a] address[0xfec40000] gsi_base[48])
[    0.000000] IOAPIC[2]: apic_id 10, version 32, address 0xfec40000, GSI 48-71
[    0.000000] ACPI: INT_SRC_OVR (bus 0 bus_irq 0 global_irq 2 dfl dfl)
[    0.000000] ACPI: INT_SRC_OVR (bus 0 bus_irq 9 global_irq 9 high level)
[    0.000000] ACPI: IRQ0 used by override.
[    0.000000] ACPI: IRQ9 used by override.
[    0.000000] Using ACPI (MADT) for SMP configuration information
[    0.000000] ACPI: HPET id: 0x8086a701 base: 0xfed00000
[    0.000000] [Firmware Bug]: TSC_DEADLINE disabled due to Errata; please update microcode to version: 0xb000020 (or later)
[    0.000000] smpboot: Allowing 32 CPUs, 0 hotplug CPUs
[    0.000000] PM: Registered nosave memory: [mem 0x000a0000-0x000fffff]
[    0.000000] PM: Registered nosave memory: [mem 0x71784000-0x71784fff]
[    0.000000] PM: Registered nosave memory: [mem 0x7178e000-0x7178efff]
[    0.000000] PM: Registered nosave memory: [mem 0x7178f000-0x7178ffff]
[    0.000000] PM: Registered nosave memory: [mem 0x71799000-0x71799fff]
[    0.000000] PM: Registered nosave memory: [mem 0x7179a000-0x7179afff]
[    0.000000] PM: Registered nosave memory: [mem 0x717b3000-0x717b3fff]
[    0.000000] PM: Registered nosave memory: [mem 0x717b4000-0x717b4fff]
[    0.000000] PM: Registered nosave memory: [mem 0x717e4000-0x717e4fff]
[    0.000000] PM: Registered nosave memory: [mem 0x717e5000-0x717e5fff]
[    0.000000] PM: Registered nosave memory: [mem 0x71815000-0x71815fff]
[    0.000000] PM: Registered nosave memory: [mem 0x71816000-0x71816fff]
[    0.000000] PM: Registered nosave memory: [mem 0x71846000-0x71846fff]
[    0.000000] PM: Registered nosave memory: [mem 0x71847000-0x71847fff]
[    0.000000] PM: Registered nosave memory: [mem 0x71877000-0x71877fff]
[    0.000000] PM: Registered nosave memory: [mem 0x71878000-0x71878fff]
[    0.000000] PM: Registered nosave memory: [mem 0x7189c000-0x7189cfff]
[    0.000000] PM: Registered nosave memory: [mem 0x71ab9000-0x71ab9fff]
[    0.000000] PM: Registered nosave memory: [mem 0x71ad1000-0x71ad1fff]
[    0.000000] PM: Registered nosave memory: [mem 0x720d4000-0x720d4fff]
[    0.000000] PM: Registered nosave memory: [mem 0x720de000-0x720defff]
[    0.000000] PM: Registered nosave memory: [mem 0x720df000-0x720dffff]
[    0.000000] PM: Registered nosave memory: [mem 0x720e9000-0x720e9fff]
[    0.000000] PM: Registered nosave memory: [mem 0x73571000-0x73571fff]
[    0.000000] PM: Registered nosave memory: [mem 0x73579000-0x73579fff]
[    0.000000] PM: Registered nosave memory: [mem 0x7a089000-0x7af0afff]
[    0.000000] PM: Registered nosave memory: [mem 0x7af0b000-0x7b93afff]
[    0.000000] PM: Registered nosave memory: [mem 0x7b93b000-0x7bab7fff]
[    0.000000] PM: Registered nosave memory: [mem 0x7bae9000-0x7bafefff]
[    0.000000] PM: Registered nosave memory: [mem 0x7bb00000-0x7fffffff]
[    0.000000] PM: Registered nosave memory: [mem 0x80000000-0x8fffffff]
[    0.000000] PM: Registered nosave memory: [mem 0x90000000-0xfeda7fff]
[    0.000000] PM: Registered nosave memory: [mem 0xfeda8000-0xfedabfff]
[    0.000000] PM: Registered nosave memory: [mem 0xfedac000-0xff30ffff]
[    0.000000] PM: Registered nosave memory: [mem 0xff310000-0xffffffff]
[    0.000000] e820: [mem 0x90000000-0xfeda7fff] available for PCI devices
[    0.000000] Booting paravirtualized kernel on bare hardware
[    0.000000] setup_percpu: NR_CPUS:5120 nr_cpumask_bits:32 nr_cpu_ids:32 nr_node_ids:2
[    0.000000] PERCPU: Embedded 38 pages/cpu @ffff99491fa00000 s118784 r8192 d28672 u262144
[    0.000000] pcpu-alloc: s118784 r8192 d28672 u262144 alloc=1*2097152
[    0.000000] pcpu-alloc: [0] 00 02 04 06 08 10 12 14 [0] 16 18 20 22 24 26 28 30 
[    0.000000] pcpu-alloc: [1] 01 03 05 07 09 11 13 15 [1] 17 19 21 23 25 27 29 31 
[    0.000000] Built 2 zonelists in Zone order, mobility grouping on.  Total pages: 16489873
[    0.000000] Policy zone: Normal
[    0.000000] Kernel command line: BOOT_IMAGE=/vmlinuz-3.10.0-1062.1.1.el7_myms.x86_64 root=/dev/mapper/centos_pm1-root ro crashkernel=auto rd.lvm.lv=centos_pm1/root rd.lvm.lv=centos_pm1/swap rhgb quiet LANG=en_US.UTF-8
[    0.000000] PID hash table entries: 4096 (order: 3, 32768 bytes)
[    0.000000] x86/fpu: xstate_offset[2]: 0240, xstate_sizes[2]: 0100
[    0.000000] xsave: enabled xstate_bv 0x7, cntxt size 0x340 using standard form
[    0.000000] Memory: 5746284k/69206016k available (7760k kernel code, 2195096k absent, 1520784k reserved, 5967k data, 1984k init)
[    0.000000] SLUB: HWalign=64, Order=0-3, MinObjects=0, CPUs=32, Nodes=2
[    0.000000] x86/pti: Unmapping kernel while in userspace
[    0.000000] Hierarchical RCU implementation.
[    0.000000] 	RCU restricting CPUs from NR_CPUS=5120 to nr_cpu_ids=32.
[    0.000000] NR_IRQS:327936 nr_irqs:1496 0
[    0.000000] Console: colour dummy device 80x25
[    0.000000] console [tty0] enabled
[    0.000000] allocated 268435456 bytes of page_cgroup
[    0.000000] please try 'cgroup_disable=memory' option if you don't want memory cgroups
[    0.000000] Enabling automatic NUMA balancing. Configure with numa_balancing= or the kernel.numa_balancing sysctl
[    0.000000] hpet clockevent registered
[    0.000000] tsc: Fast TSC calibration using PIT
[    0.000000] tsc: Detected 2099.991 MHz processor
[    0.000039] Calibrating delay loop (skipped), value calculated using timer frequency.. 4199.98 BogoMIPS (lpj=2099991)
[    0.000042] pid_max: default: 32768 minimum: 301
[    0.000964] Security Framework initialized
[    0.000972] SELinux:  Initializing.
[    0.001001] SELinux:  Starting in permissive mode
[    0.001002] Yama: becoming mindful.
[    0.005596] Dentry cache hash table entries: 8388608 (order: 14, 67108864 bytes)
[    0.018506] Inode-cache hash table entries: 4194304 (order: 13, 33554432 bytes)
[    0.023880] Mount-cache hash table entries: 131072 (order: 8, 1048576 bytes)
[    0.023956] Mountpoint-cache hash table entries: 131072 (order: 8, 1048576 bytes)
[    0.024497] Initializing cgroup subsys memory
[    0.024505] Initializing cgroup subsys devices
[    0.024506] Initializing cgroup subsys freezer
[    0.024507] Initializing cgroup subsys net_cls
[    0.024509] Initializing cgroup subsys blkio
[    0.024510] Initializing cgroup subsys perf_event
[    0.024512] Initializing cgroup subsys hugetlb
[    0.024514] Initializing cgroup subsys pids
[    0.024515] Initializing cgroup subsys net_prio
[    0.024560] ENERGY_PERF_BIAS: Set to 'normal', was 'performance'
[    0.024561] ENERGY_PERF_BIAS: View and update with x86_energy_perf_policy(8)
[    0.025347] CPU0: Thermal monitoring enabled (TM1)
[    0.025370] Last level iTLB entries: 4KB 0, 2MB 0, 4MB 0
[    0.025371] Last level dTLB entries: 4KB 64, 2MB 0, 4MB 0
[    0.025371] tlb_flushall_shift: 6
[    0.025377] FEATURE SPEC_CTRL Not Present
[    0.025378] FEATURE IBPB_SUPPORT Not Present
[    0.025379] Spectre V1 : Mitigation: Load fences, usercopy/swapgs barriers and __user pointer sanitization
[    0.025488] Spectre V2 : Vulnerable: Retpoline without IBPB
[    0.025491] Speculative Store Bypass: Vulnerable
[    0.025511] MDS: Vulnerable: Clear CPU buffers attempted, no microcode
[    0.026207] Freeing SMP alternatives: 28k freed
[    0.028091] ACPI: Core revision 20130517
[    0.122621] ACPI: All ACPI Tables successfully acquired
[    0.131200] ftrace: allocating 29543 entries in 116 pages
[    0.161055] DMAR: Host address width 46
[    0.161057] DMAR: DRHD base: 0x000000fbffc000 flags: 0x0
[    0.161066] DMAR: dmar0: reg_base_addr fbffc000 ver 1:0 cap 8d2078c106f0466 ecap f020df
[    0.161068] DMAR: DRHD base: 0x000000c7ffc000 flags: 0x1
[    0.161073] DMAR: dmar1: reg_base_addr c7ffc000 ver 1:0 cap 8d2078c106f0466 ecap f020df
[    0.161074] DMAR: ATSR flags: 0x0
[    0.161076] DMAR: ATSR flags: 0x0
[    0.161079] DMAR-IR: IOAPIC id 10 under DRHD base  0xfbffc000 IOMMU 0
[    0.161080] DMAR-IR: IOAPIC id 8 under DRHD base  0xc7ffc000 IOMMU 1
[    0.161082] DMAR-IR: IOAPIC id 9 under DRHD base  0xc7ffc000 IOMMU 1
[    0.161084] DMAR-IR: HPET id 0 under DRHD base 0xc7ffc000
[    0.161085] DMAR-IR: x2apic is disabled because BIOS sets x2apic opt out bit.
[    0.161086] DMAR-IR: Use 'intremap=no_x2apic_optout' to override the BIOS setting.
[    0.161677] DMAR-IR: Enabled IRQ remapping in xapic mode
[    0.161678] IRQ remapping doesn't support X2APIC mode, disable x2apic.
[    0.161682] Switched APIC routing to physical flat.
[    0.162325] ..TIMER: vector=0x30 apic1=0 pin1=2 apic2=-1 pin2=-1
[    0.172328] smpboot: CPU0: Intel(R) Xeon(R) CPU E5-2620 v4 @ 2.10GHz (fam: 06, model: 4f, stepping: 01)
[    0.261648] random: fast init done
[    0.273708] Performance Events: PEBS fmt2+, Broadwell events, 16-deep LBR, full-width counters, Intel PMU driver.
[    0.273732] ... version:                3
[    0.273733] ... bit width:              48
[    0.273735] ... generic registers:      4
[    0.273736] ... value mask:             0000ffffffffffff
[    0.273737] ... max period:             00007fffffffffff
[    0.273739] ... fixed-purpose events:   3
[    0.273740] ... event mask:             000000070000000f
[    0.357326] NMI watchdog: enabled on all CPUs, permanently consumes one hw-PMU counter.
[    0.275374] smpboot: Booting Node   1, Processors  #1 OK
[    0.357413] smpboot: Booting Node   0, Processors  #2 OK
[    0.359320] smpboot: Booting Node   1, Processors  #3 OK
[    0.361168] smpboot: Booting Node   0, Processors  #4 OK
[    0.363053] smpboot: Booting Node   1, Processors  #5 OK
[    0.364903] smpboot: Booting Node   0, Processors  #6 OK
[    0.366789] smpboot: Booting Node   1, Processors  #7 OK
[    0.368636] smpboot: Booting Node   0, Processors  #8 OK
[    0.370518] smpboot: Booting Node   1, Processors  #9 OK
[    0.372371] smpboot: Booting Node   0, Processors  #10 OK
[    0.374252] smpboot: Booting Node   1, Processors  #11 OK
[    0.376099] smpboot: Booting Node   0, Processors  #12 OK
[    0.377978] smpboot: Booting Node   1, Processors  #13 OK
[    0.379828] smpboot: Booting Node   0, Processors  #14 OK
[    0.381718] smpboot: Booting Node   1, Processors  #15 OK
[    0.383568] smpboot: Booting Node   0, Processors  #16 OK
[    0.385894] smpboot: Booting Node   1, Processors  #17 OK
[    0.387747] smpboot: Booting Node   0, Processors  #18 OK
[    0.389633] smpboot: Booting Node   1, Processors  #19 OK
[    0.391486] smpboot: Booting Node   0, Processors  #20 OK
[    0.393370] smpboot: Booting Node   1, Processors  #21 OK
[    0.395224] smpboot: Booting Node   0, Processors  #22 OK
[    0.397107] smpboot: Booting Node   1, Processors  #23 OK
[    0.398950] smpboot: Booting Node   0, Processors  #24 OK
[    0.400837] smpboot: Booting Node   1, Processors  #25 OK
[    0.402689] smpboot: Booting Node   0, Processors  #26 OK
[    0.404568] smpboot: Booting Node   1, Processors  #27 OK
[    0.406422] smpboot: Booting Node   0, Processors  #28 OK
[    0.408305] smpboot: Booting Node   1, Processors  #29 OK
[    0.410150] smpboot: Booting Node   0, Processors  #30 OK
[    0.412039] smpboot: Booting Node   1, Processors  #31 OK
[    0.413813] Brought up 32 CPUs
[    0.413815] smpboot: Max logical packages: 2
[    0.413818] smpboot: Total of 32 processors activated (134389.92 BogoMIPS)
[    0.605346] node 0 initialised, 7203501 pages in 131ms
[    0.614188] node 1 initialised, 7732460 pages in 140ms
[    0.614467] devtmpfs: initialized
[    0.614547] x86/mm: Memory block size: 2048MB
[    0.616325] EVM: security.selinux
[    0.616326] EVM: security.ima
[    0.616328] EVM: security.capability
[    0.616407] PM: Registering ACPI NVS region [mem 0x7af0b000-0x7b93afff] (10682368 bytes)
[    0.617981] atomic64 test passed for x86-64 platform with CX8 and with SSE
[    0.617984] pinctrl core: initialized pinctrl subsystem
[    0.618044] RTC time: 13:01:05, date: 07/28/21
[    0.618163] NET: Registered protocol family 16
[    0.618545] ACPI FADT declares the system doesn't support PCIe ASPM, so disable it
[    0.618547] ACPI: bus type PCI registered
[    0.618549] acpiphp: ACPI Hot Plug PCI Controller Driver version: 0.5
[    0.618631] PCI: MMCONFIG for domain 0000 [bus 00-ff] at [mem 0x80000000-0x8fffffff] (base 0x80000000)
[    0.618633] PCI: MMCONFIG at [mem 0x80000000-0x8fffffff] reserved in E820
[    0.618645] PCI: Using configuration type 1 for base access
[    0.618657] PCI: Dell System detected, enabling pci=bfsort.
[    0.624524] ACPI: Added _OSI(Module Device)
[    0.624527] ACPI: Added _OSI(Processor Device)
[    0.624528] ACPI: Added _OSI(3.0 _SCP Extensions)
[    0.624530] ACPI: Added _OSI(Processor Aggregator Device)
[    0.624532] ACPI: Added _OSI(Linux-Dell-Video)
[    0.634426] ACPI: EC: Look up EC in DSDT
[    0.804442] ACPI: [Firmware Bug]: BIOS _OSI(Linux) query ignored
[    0.809358] ACPI: Interpreter enabled
[    0.809368] ACPI: (supports S0 S5)
[    0.809370] ACPI: Using IOAPIC for interrupt routing
[    0.809424] HEST: Table parsing has been initialized.
[    0.809428] PCI: Using host bridge windows from ACPI; if necessary, use "pci=nocrs" and report a bug
[    0.809451] ACPI: Enabled 2 GPEs in block 00 to 3F
[    0.822844] ACPI: PCI Root Bridge [UNC1] (domain 0000 [bus ff])
[    0.822850] acpi PNP0A03:02: _OSC: OS supports [ExtendedConfig ASPM ClockPM Segments MSI]
[    0.822932] acpi PNP0A03:02: PCIe AER handled by firmware
[    0.823080] acpi PNP0A03:02: _OSC: OS now controls [PCIeHotplug SHPCHotplug PME PCIeCapability]
[    0.823082] acpi PNP0A03:02: FADT indicates ASPM is unsupported, using BIOS configuration
[    0.823127] PCI host bridge to bus 0000:ff
[    0.823130] pci_bus 0000:ff: root bus resource [bus ff]
[    0.823142] pci 0000:ff:08.0: [8086:6f80] type 00 class 0x088000
[    0.823212] pci 0000:ff:08.2: [8086:6f32] type 00 class 0x110100
[    0.823274] pci 0000:ff:08.3: [8086:6f83] type 00 class 0x088000
[    0.823350] pci 0000:ff:09.0: [8086:6f90] type 00 class 0x088000
[    0.823408] pci 0000:ff:09.2: [8086:6f33] type 00 class 0x110100
[    0.823467] pci 0000:ff:09.3: [8086:6f93] type 00 class 0x088000
[    0.823545] pci 0000:ff:0b.0: [8086:6f81] type 00 class 0x088000
[    0.823603] pci 0000:ff:0b.1: [8086:6f36] type 00 class 0x110100
[    0.823659] pci 0000:ff:0b.2: [8086:6f37] type 00 class 0x110100
[    0.823715] pci 0000:ff:0b.3: [8086:6f76] type 00 class 0x088000
[    0.823772] pci 0000:ff:0c.0: [8086:6fe0] type 00 class 0x088000
[    0.823828] pci 0000:ff:0c.1: [8086:6fe1] type 00 class 0x088000
[    0.823883] pci 0000:ff:0c.2: [8086:6fe2] type 00 class 0x088000
[    0.823938] pci 0000:ff:0c.3: [8086:6fe3] type 00 class 0x088000
[    0.823993] pci 0000:ff:0c.4: [8086:6fe4] type 00 class 0x088000
[    0.824049] pci 0000:ff:0c.5: [8086:6fe5] type 00 class 0x088000
[    0.824105] pci 0000:ff:0c.6: [8086:6fe6] type 00 class 0x088000
[    0.824161] pci 0000:ff:0c.7: [8086:6fe7] type 00 class 0x088000
[    0.824218] pci 0000:ff:0f.0: [8086:6ff8] type 00 class 0x088000
[    0.824273] pci 0000:ff:0f.1: [8086:6ff9] type 00 class 0x088000
[    0.824330] pci 0000:ff:0f.4: [8086:6ffc] type 00 class 0x088000
[    0.824386] pci 0000:ff:0f.5: [8086:6ffd] type 00 class 0x088000
[    0.824441] pci 0000:ff:0f.6: [8086:6ffe] type 00 class 0x088000
[    0.824501] pci 0000:ff:10.0: [8086:6f1d] type 00 class 0x088000
[    0.824557] pci 0000:ff:10.1: [8086:6f34] type 00 class 0x110100
[    0.824615] pci 0000:ff:10.5: [8086:6f1e] type 00 class 0x088000
[    0.824671] pci 0000:ff:10.6: [8086:6f7d] type 00 class 0x110100
[    0.824727] pci 0000:ff:10.7: [8086:6f1f] type 00 class 0x088000
[    0.824786] pci 0000:ff:12.0: [8086:6fa0] type 00 class 0x088000
[    0.824828] pci 0000:ff:12.1: [8086:6f30] type 00 class 0x110100
[    0.824886] pci 0000:ff:12.2: [8086:6f70] type 00 class 0x088000
[    0.824950] pci 0000:ff:13.0: [8086:6fa8] type 00 class 0x088000
[    0.825062] pci 0000:ff:13.1: [8086:6f71] type 00 class 0x088000
[    0.825142] pci 0000:ff:13.2: [8086:6faa] type 00 class 0x088000
[    0.825216] pci 0000:ff:13.3: [8086:6fab] type 00 class 0x088000
[    0.825289] pci 0000:ff:13.4: [8086:6fac] type 00 class 0x088000
[    0.825360] pci 0000:ff:13.5: [8086:6fad] type 00 class 0x088000
[    0.825431] pci 0000:ff:13.6: [8086:6fae] type 00 class 0x088000
[    0.825488] pci 0000:ff:13.7: [8086:6faf] type 00 class 0x088000
[    0.825549] pci 0000:ff:14.0: [8086:6fb0] type 00 class 0x088000
[    0.825622] pci 0000:ff:14.1: [8086:6fb1] type 00 class 0x088000
[    0.825695] pci 0000:ff:14.2: [8086:6fb2] type 00 class 0x088000
[    0.825768] pci 0000:ff:14.3: [8086:6fb3] type 00 class 0x088000
[    0.825839] pci 0000:ff:14.4: [8086:6fbc] type 00 class 0x088000
[    0.825897] pci 0000:ff:14.5: [8086:6fbd] type 00 class 0x088000
[    0.825955] pci 0000:ff:14.6: [8086:6fbe] type 00 class 0x088000
[    0.826013] pci 0000:ff:14.7: [8086:6fbf] type 00 class 0x088000
[    0.826074] pci 0000:ff:15.0: [8086:6fb4] type 00 class 0x088000
[    0.826148] pci 0000:ff:15.1: [8086:6fb5] type 00 class 0x088000
[    0.826221] pci 0000:ff:15.2: [8086:6fb6] type 00 class 0x088000
[    0.826293] pci 0000:ff:15.3: [8086:6fb7] type 00 class 0x088000
[    0.826368] pci 0000:ff:16.0: [8086:6f68] type 00 class 0x088000
[    0.826436] pci 0000:ff:16.6: [8086:6f6e] type 00 class 0x088000
[    0.826495] pci 0000:ff:16.7: [8086:6f6f] type 00 class 0x088000
[    0.826553] pci 0000:ff:17.0: [8086:6fd0] type 00 class 0x088000
[    0.826621] pci 0000:ff:17.4: [8086:6fb8] type 00 class 0x088000
[    0.826679] pci 0000:ff:17.5: [8086:6fb9] type 00 class 0x088000
[    0.826737] pci 0000:ff:17.6: [8086:6fba] type 00 class 0x088000
[    0.826797] pci 0000:ff:17.7: [8086:6fbb] type 00 class 0x088000
[    0.826861] pci 0000:ff:1e.0: [8086:6f98] type 00 class 0x088000
[    0.826918] pci 0000:ff:1e.1: [8086:6f99] type 00 class 0x088000
[    0.826975] pci 0000:ff:1e.2: [8086:6f9a] type 00 class 0x088000
[    0.827032] pci 0000:ff:1e.3: [8086:6fc0] type 00 class 0x088000
[    0.827076] pci 0000:ff:1e.4: [8086:6f9c] type 00 class 0x088000
[    0.827138] pci 0000:ff:1f.0: [8086:6f88] type 00 class 0x088000
[    0.827196] pci 0000:ff:1f.2: [8086:6f8a] type 00 class 0x088000
[    0.827305] ACPI: PCI Root Bridge [UNC0] (domain 0000 [bus 7f])
[    0.827309] acpi PNP0A03:03: _OSC: OS supports [ExtendedConfig ASPM ClockPM Segments MSI]
[    0.827399] acpi PNP0A03:03: PCIe AER handled by firmware
[    0.827566] acpi PNP0A03:03: _OSC: OS now controls [PCIeHotplug SHPCHotplug PME PCIeCapability]
[    0.827568] acpi PNP0A03:03: FADT indicates ASPM is unsupported, using BIOS configuration
[    0.827610] PCI host bridge to bus 0000:7f
[    0.827613] pci_bus 0000:7f: root bus resource [bus 7f]
[    0.827622] pci 0000:7f:08.0: [8086:6f80] type 00 class 0x088000
[    0.827682] pci 0000:7f:08.2: [8086:6f32] type 00 class 0x110100
[    0.827740] pci 0000:7f:08.3: [8086:6f83] type 00 class 0x088000
[    0.827813] pci 0000:7f:09.0: [8086:6f90] type 00 class 0x088000
[    0.827871] pci 0000:7f:09.2: [8086:6f33] type 00 class 0x110100
[    0.827932] pci 0000:7f:09.3: [8086:6f93] type 00 class 0x088000
[    0.828002] pci 0000:7f:0b.0: [8086:6f81] type 00 class 0x088000
[    0.828056] pci 0000:7f:0b.1: [8086:6f36] type 00 class 0x110100
[    0.828113] pci 0000:7f:0b.2: [8086:6f37] type 00 class 0x110100
[    0.828166] pci 0000:7f:0b.3: [8086:6f76] type 00 class 0x088000
[    0.828221] pci 0000:7f:0c.0: [8086:6fe0] type 00 class 0x088000
[    0.828274] pci 0000:7f:0c.1: [8086:6fe1] type 00 class 0x088000
[    0.828327] pci 0000:7f:0c.2: [8086:6fe2] type 00 class 0x088000
[    0.828381] pci 0000:7f:0c.3: [8086:6fe3] type 00 class 0x088000
[    0.828434] pci 0000:7f:0c.4: [8086:6fe4] type 00 class 0x088000
[    0.828488] pci 0000:7f:0c.5: [8086:6fe5] type 00 class 0x088000
[    0.828541] pci 0000:7f:0c.6: [8086:6fe6] type 00 class 0x088000
[    0.828594] pci 0000:7f:0c.7: [8086:6fe7] type 00 class 0x088000
[    0.828648] pci 0000:7f:0f.0: [8086:6ff8] type 00 class 0x088000
[    0.828700] pci 0000:7f:0f.1: [8086:6ff9] type 00 class 0x088000
[    0.828755] pci 0000:7f:0f.4: [8086:6ffc] type 00 class 0x088000
[    0.828811] pci 0000:7f:0f.5: [8086:6ffd] type 00 class 0x088000
[    0.828864] pci 0000:7f:0f.6: [8086:6ffe] type 00 class 0x088000
[    0.828918] pci 0000:7f:10.0: [8086:6f1d] type 00 class 0x088000
[    0.828972] pci 0000:7f:10.1: [8086:6f34] type 00 class 0x110100
[    0.829027] pci 0000:7f:10.5: [8086:6f1e] type 00 class 0x088000
[    0.829079] pci 0000:7f:10.6: [8086:6f7d] type 00 class 0x110100
[    0.829134] pci 0000:7f:10.7: [8086:6f1f] type 00 class 0x088000
[    0.829193] pci 0000:7f:12.0: [8086:6fa0] type 00 class 0x088000
[    0.829235] pci 0000:7f:12.1: [8086:6f30] type 00 class 0x110100
[    0.829291] pci 0000:7f:12.2: [8086:6f70] type 00 class 0x088000
[    0.829351] pci 0000:7f:13.0: [8086:6fa8] type 00 class 0x088000
[    0.829462] pci 0000:7f:13.1: [8086:6f71] type 00 class 0x088000
[    0.829571] pci 0000:7f:13.2: [8086:6faa] type 00 class 0x088000
[    0.829685] pci 0000:7f:13.3: [8086:6fab] type 00 class 0x088000
[    0.829791] pci 0000:7f:13.4: [8086:6fac] type 00 class 0x088000
[    0.829860] pci 0000:7f:13.5: [8086:6fad] type 00 class 0x088000
[    0.829928] pci 0000:7f:13.6: [8086:6fae] type 00 class 0x088000
[    0.829984] pci 0000:7f:13.7: [8086:6faf] type 00 class 0x088000
[    0.830041] pci 0000:7f:14.0: [8086:6fb0] type 00 class 0x088000
[    0.830112] pci 0000:7f:14.1: [8086:6fb1] type 00 class 0x088000
[    0.830181] pci 0000:7f:14.2: [8086:6fb2] type 00 class 0x088000
[    0.830252] pci 0000:7f:14.3: [8086:6fb3] type 00 class 0x088000
[    0.830320] pci 0000:7f:14.4: [8086:6fbc] type 00 class 0x088000
[    0.830376] pci 0000:7f:14.5: [8086:6fbd] type 00 class 0x088000
[    0.830432] pci 0000:7f:14.6: [8086:6fbe] type 00 class 0x088000
[    0.830488] pci 0000:7f:14.7: [8086:6fbf] type 00 class 0x088000
[    0.830546] pci 0000:7f:15.0: [8086:6fb4] type 00 class 0x088000
[    0.830615] pci 0000:7f:15.1: [8086:6fb5] type 00 class 0x088000
[    0.830684] pci 0000:7f:15.2: [8086:6fb6] type 00 class 0x088000
[    0.830755] pci 0000:7f:15.3: [8086:6fb7] type 00 class 0x088000
[    0.830827] pci 0000:7f:16.0: [8086:6f68] type 00 class 0x088000
[    0.830891] pci 0000:7f:16.6: [8086:6f6e] type 00 class 0x088000
[    0.830948] pci 0000:7f:16.7: [8086:6f6f] type 00 class 0x088000
[    0.831005] pci 0000:7f:17.0: [8086:6fd0] type 00 class 0x088000
[    0.831068] pci 0000:7f:17.4: [8086:6fb8] type 00 class 0x088000
[    0.831126] pci 0000:7f:17.5: [8086:6fb9] type 00 class 0x088000
[    0.831182] pci 0000:7f:17.6: [8086:6fba] type 00 class 0x088000
[    0.831238] pci 0000:7f:17.7: [8086:6fbb] type 00 class 0x088000
[    0.831300] pci 0000:7f:1e.0: [8086:6f98] type 00 class 0x088000
[    0.831355] pci 0000:7f:1e.1: [8086:6f99] type 00 class 0x088000
[    0.831411] pci 0000:7f:1e.2: [8086:6f9a] type 00 class 0x088000
[    0.831469] pci 0000:7f:1e.3: [8086:6fc0] type 00 class 0x088000
[    0.831511] pci 0000:7f:1e.4: [8086:6f9c] type 00 class 0x088000
[    0.831569] pci 0000:7f:1f.0: [8086:6f88] type 00 class 0x088000
[    0.831625] pci 0000:7f:1f.2: [8086:6f8a] type 00 class 0x088000
[    0.833345] ACPI: PCI Root Bridge [PCI0] (domain 0000 [bus 00-7e])
[    0.833349] acpi PNP0A08:00: _OSC: OS supports [ExtendedConfig ASPM ClockPM Segments MSI]
[    0.833422] acpi PNP0A08:00: PCIe AER handled by firmware
[    0.833500] acpi PNP0A08:00: _OSC: platform does not support [SHPCHotplug]
[    0.833642] acpi PNP0A08:00: _OSC: OS now controls [PCIeHotplug PME PCIeCapability]
[    0.833644] acpi PNP0A08:00: FADT indicates ASPM is unsupported, using BIOS configuration
[    0.833826] PCI host bridge to bus 0000:00
[    0.833829] pci_bus 0000:00: root bus resource [io  0x0000-0x03bb window]
[    0.833831] pci_bus 0000:00: root bus resource [io  0x03bc-0x03df window]
[    0.833833] pci_bus 0000:00: root bus resource [io  0x03e0-0x0cf7 window]
[    0.833835] pci_bus 0000:00: root bus resource [io  0x1000-0x7fff window]
[    0.833837] pci_bus 0000:00: root bus resource [mem 0x000a0000-0x000bffff window]
[    0.833840] pci_bus 0000:00: root bus resource [mem 0x90000000-0xc7ffbfff window]
[    0.833842] pci_bus 0000:00: root bus resource [mem 0x38000000000-0x3bfffffffff window]
[    0.833844] pci_bus 0000:00: root bus resource [bus 00-7e]
[    0.833853] pci 0000:00:00.0: [8086:6f00] type 00 class 0x060000
[    0.834008] pci 0000:00:01.0: [8086:6f02] type 01 class 0x060400
[    0.834095] pci 0000:00:01.0: PME# supported from D0 D3hot D3cold
[    0.834222] pci 0000:00:01.0: System wakeup disabled by ACPI
[    0.834263] pci 0000:00:02.0: [8086:6f04] type 01 class 0x060400
[    0.834347] pci 0000:00:02.0: PME# supported from D0 D3hot D3cold
[    0.834430] pci 0000:00:02.0: System wakeup disabled by ACPI
[    0.834469] pci 0000:00:03.0: [8086:6f08] type 01 class 0x060400
[    0.834550] pci 0000:00:03.0: PME# supported from D0 D3hot D3cold
[    0.834625] pci 0000:00:03.0: System wakeup disabled by ACPI
[    0.834663] pci 0000:00:03.1: [8086:6f09] type 01 class 0x060400
[    0.834745] pci 0000:00:03.1: PME# supported from D0 D3hot D3cold
[    0.834797] pci 0000:00:03.1: System wakeup disabled by ACPI
[    0.834833] pci 0000:00:03.2: [8086:6f0a] type 01 class 0x060400
[    0.834915] pci 0000:00:03.2: PME# supported from D0 D3hot D3cold
[    0.835001] pci 0000:00:03.2: System wakeup disabled by ACPI
[    0.835040] pci 0000:00:05.0: [8086:6f28] type 00 class 0x088000
[    0.835168] pci 0000:00:05.1: [8086:6f29] type 00 class 0x088000
[    0.835308] pci 0000:00:05.2: [8086:6f2a] type 00 class 0x088000
[    0.835430] pci 0000:00:05.4: [8086:6f2c] type 00 class 0x080020
[    0.835439] pci 0000:00:05.4: reg 0x10: [mem 0x93e04000-0x93e04fff]
[    0.835578] pci 0000:00:11.0: [8086:8d7c] type 00 class 0xff0000
[    0.835784] pci 0000:00:11.4: [8086:8d62] type 00 class 0x010601
[    0.835801] pci 0000:00:11.4: reg 0x10: [io  0x3078-0x307f]
[    0.835809] pci 0000:00:11.4: reg 0x14: [io  0x308c-0x308f]
[    0.835818] pci 0000:00:11.4: reg 0x18: [io  0x3070-0x3077]
[    0.835827] pci 0000:00:11.4: reg 0x1c: [io  0x3088-0x308b]
[    0.835835] pci 0000:00:11.4: reg 0x20: [io  0x3040-0x305f]
[    0.835844] pci 0000:00:11.4: reg 0x24: [mem 0x93e01000-0x93e017ff]
[    0.835913] pci 0000:00:11.4: PME# supported from D3hot
[    0.835996] pci 0000:00:16.0: [8086:8d3a] type 00 class 0x078000
[    0.836014] pci 0000:00:16.0: reg 0x10: [mem 0x3bffff03000-0x3bffff0300f 64bit]
[    0.836103] pci 0000:00:16.0: PME# supported from D0 D3hot D3cold
[    0.836181] pci 0000:00:16.1: [8086:8d3b] type 00 class 0x078000
[    0.836199] pci 0000:00:16.1: reg 0x10: [mem 0x3bffff02000-0x3bffff0200f 64bit]
[    0.836286] pci 0000:00:16.1: PME# supported from D0 D3hot D3cold
[    0.836377] pci 0000:00:1a.0: [8086:8d2d] type 00 class 0x0c0320
[    0.836395] pci 0000:00:1a.0: reg 0x10: [mem 0x93e03000-0x93e033ff]
[    0.836504] pci 0000:00:1a.0: PME# supported from D0 D3hot D3cold
[    0.836587] pci 0000:00:1c.0: [8086:8d10] type 01 class 0x060400
[    0.836686] pci 0000:00:1c.0: PME# supported from D0 D3hot D3cold
[    0.836774] pci 0000:00:1c.7: [8086:8d1e] type 01 class 0x060400
[    0.836880] pci 0000:00:1c.7: PME# supported from D0 D3hot D3cold
[    0.836934] pci 0000:00:1c.7: System wakeup disabled by ACPI
[    0.836976] pci 0000:00:1d.0: [8086:8d26] type 00 class 0x0c0320
[    0.836994] pci 0000:00:1d.0: reg 0x10: [mem 0x93e02000-0x93e023ff]
[    0.837106] pci 0000:00:1d.0: PME# supported from D0 D3hot D3cold
[    0.837190] pci 0000:00:1f.0: [8086:8d44] type 00 class 0x060100
[    0.837387] pci 0000:00:1f.2: [8086:8d02] type 00 class 0x010601
[    0.837401] pci 0000:00:1f.2: reg 0x10: [io  0x3068-0x306f]
[    0.837409] pci 0000:00:1f.2: reg 0x14: [io  0x3084-0x3087]
[    0.837417] pci 0000:00:1f.2: reg 0x18: [io  0x3060-0x3067]
[    0.837425] pci 0000:00:1f.2: reg 0x1c: [io  0x3080-0x3083]
[    0.837433] pci 0000:00:1f.2: reg 0x20: [io  0x3020-0x303f]
[    0.837441] pci 0000:00:1f.2: reg 0x24: [mem 0x93e00000-0x93e007ff]
[    0.837504] pci 0000:00:1f.2: PME# supported from D3hot
[    0.837615] pci 0000:03:00.0: [1000:005d] type 00 class 0x010400
[    0.837625] pci 0000:03:00.0: reg 0x10: [io  0x2000-0x20ff]
[    0.837634] pci 0000:03:00.0: reg 0x14: [mem 0x93d00000-0x93d0ffff 64bit]
[    0.837643] pci 0000:03:00.0: reg 0x1c: [mem 0x93c00000-0x93cfffff 64bit]
[    0.837653] pci 0000:03:00.0: reg 0x30: [mem 0xfff00000-0xffffffff pref]
[    0.837730] pci 0000:03:00.0: supports D1 D2
[    0.837791] pci 0000:00:01.0: PCI bridge to [bus 03]
[    0.837795] pci 0000:00:01.0:   bridge window [io  0x2000-0x2fff]
[    0.837798] pci 0000:00:01.0:   bridge window [mem 0x93c00000-0x93dfffff]
[    0.837932] pci 0000:04:00.0: [15b3:1017] type 00 class 0x020700
[    0.838144] pci 0000:04:00.0: reg 0x10: [mem 0x90000000-0x91ffffff 64bit pref]
[    0.838548] pci 0000:04:00.0: reg 0x30: [mem 0xfff00000-0xffffffff pref]
[    0.839367] pci 0000:04:00.0: PME# supported from D3cold
[    0.839734] pci 0000:00:02.0: PCI bridge to [bus 04]
[    0.839741] pci 0000:00:02.0:   bridge window [mem 0x90000000-0x91ffffff 64bit pref]
[    0.839845] pci 0000:02:00.0: [14e4:165f] type 00 class 0x020000
[    0.839865] pci 0000:02:00.0: reg 0x10: [mem 0x93a30000-0x93a3ffff 64bit pref]
[    0.839877] pci 0000:02:00.0: reg 0x18: [mem 0x93a40000-0x93a4ffff 64bit pref]
[    0.839889] pci 0000:02:00.0: reg 0x20: [mem 0x93a50000-0x93a5ffff 64bit pref]
[    0.839898] pci 0000:02:00.0: reg 0x30: [mem 0xfffc0000-0xffffffff pref]
[    0.839997] pci 0000:02:00.0: PME# supported from D0 D3hot D3cold
[    0.840025] pci 0000:02:00.0: 4.000 Gb/s available PCIe bandwidth, limited by 5 GT/s x1 link at 0000:00:03.0 (capable of 15.752 Gb/s with 8 GT/s x2 link)
[    0.840129] pci 0000:02:00.1: [14e4:165f] type 00 class 0x020000
[    0.840148] pci 0000:02:00.1: reg 0x10: [mem 0x93a00000-0x93a0ffff 64bit pref]
[    0.840161] pci 0000:02:00.1: reg 0x18: [mem 0x93a10000-0x93a1ffff 64bit pref]
[    0.840173] pci 0000:02:00.1: reg 0x20: [mem 0x93a20000-0x93a2ffff 64bit pref]
[    0.840182] pci 0000:02:00.1: reg 0x30: [mem 0xfffc0000-0xffffffff pref]
[    0.840279] pci 0000:02:00.1: PME# supported from D0 D3hot D3cold
[    0.842113] pci 0000:00:03.0: PCI bridge to [bus 02]
[    0.842120] pci 0000:00:03.0:   bridge window [mem 0x93a00000-0x93afffff 64bit pref]
[    0.842174] pci 0000:01:00.0: [14e4:165f] type 00 class 0x020000
[    0.842194] pci 0000:01:00.0: reg 0x10: [mem 0x93b30000-0x93b3ffff 64bit pref]
[    0.842206] pci 0000:01:00.0: reg 0x18: [mem 0x93b40000-0x93b4ffff 64bit pref]
[    0.842218] pci 0000:01:00.0: reg 0x20: [mem 0x93b50000-0x93b5ffff 64bit pref]
[    0.842227] pci 0000:01:00.0: reg 0x30: [mem 0xfffc0000-0xffffffff pref]
[    0.842327] pci 0000:01:00.0: PME# supported from D0 D3hot D3cold
[    0.842355] pci 0000:01:00.0: 4.000 Gb/s available PCIe bandwidth, limited by 5 GT/s x1 link at 0000:00:03.1 (capable of 15.752 Gb/s with 8 GT/s x2 link)
[    0.842438] pci 0000:01:00.1: [14e4:165f] type 00 class 0x020000
[    0.842458] pci 0000:01:00.1: reg 0x10: [mem 0x93b00000-0x93b0ffff 64bit pref]
[    0.842470] pci 0000:01:00.1: reg 0x18: [mem 0x93b10000-0x93b1ffff 64bit pref]
[    0.842482] pci 0000:01:00.1: reg 0x20: [mem 0x93b20000-0x93b2ffff 64bit pref]
[    0.842491] pci 0000:01:00.1: reg 0x30: [mem 0xfffc0000-0xffffffff pref]
[    0.842588] pci 0000:01:00.1: PME# supported from D0 D3hot D3cold
[    0.845113] pci 0000:00:03.1: PCI bridge to [bus 01]
[    0.845119] pci 0000:00:03.1:   bridge window [mem 0x93b00000-0x93bfffff 64bit pref]
[    0.845152] pci 0000:00:03.2: PCI bridge to [bus 05]
[    0.845193] pci 0000:00:1c.0: PCI bridge to [bus 06]
[    0.845565] pci 0000:07:00.0: [1912:001d] type 01 class 0x060400
[    0.848953] pci 0000:07:00.0: PME# supported from D0 D3hot D3cold
[    0.849874] pci 0000:07:00.0: 2.000 Gb/s available PCIe bandwidth, limited by 2.5 GT/s x1 link at 0000:00:1c.7 (capable of 7.876 Gb/s with 8 GT/s x1 link)
[    0.852199] pci 0000:00:1c.7: PCI bridge to [bus 07-0b]
[    0.852205] pci 0000:00:1c.7:   bridge window [mem 0x93000000-0x939fffff]
[    0.852210] pci 0000:00:1c.7:   bridge window [mem 0x92000000-0x92ffffff 64bit pref]
[    0.853425] pci 0000:08:00.0: [1912:001d] type 01 class 0x060400
[    0.857363] pci 0000:08:00.0: PME# supported from D0 D3hot D3cold
[    0.860198] pci 0000:07:00.0: PCI bridge to [bus 08-0b]
[    0.860402] pci 0000:07:00.0:   bridge window [mem 0x93000000-0x939fffff]
[    0.860534] pci 0000:07:00.0:   bridge window [mem 0x92000000-0x92ffffff 64bit pref]
[    0.861846] pci 0000:09:00.0: [1912:001a] type 01 class 0x060400
[    0.866909] pci 0000:08:00.0: PCI bridge to [bus 09-0a]
[    0.867142] pci 0000:08:00.0:   bridge window [mem 0x93000000-0x938fffff]
[    0.867298] pci 0000:08:00.0:   bridge window [mem 0x92000000-0x92ffffff 64bit pref]
[    0.868463] pci 0000:0a:00.0: [102b:0534] type 00 class 0x030000
[    0.868944] pci 0000:0a:00.0: reg 0x10: [mem 0x92000000-0x92ffffff pref]
[    0.869224] pci 0000:0a:00.0: reg 0x14: [mem 0x93800000-0x93803fff]
[    0.869505] pci 0000:0a:00.0: reg 0x18: [mem 0x93000000-0x937fffff]
[    0.874132] pci 0000:09:00.0: PCI bridge to [bus 0a]
[    0.874372] pci 0000:09:00.0:   bridge window [mem 0x93000000-0x938fffff]
[    0.874529] pci 0000:09:00.0:   bridge window [mem 0x92000000-0x92ffffff 64bit pref]
[    0.875375] pci_bus 0000:00: on NUMA node 0
[    0.875534] ACPI: PCI Interrupt Link [LNKA] (IRQs 3 4 5 6 7 9 10 11 12 14 15) *0, disabled.
[    0.875582] ACPI: PCI Interrupt Link [LNKB] (IRQs 3 4 5 6 7 9 10 11 12 14 15) *0, disabled.
[    0.875627] ACPI: PCI Interrupt Link [LNKC] (IRQs 3 4 5 6 7 9 10 11 12 14 15) *0, disabled.
[    0.875671] ACPI: PCI Interrupt Link [LNKD] (IRQs 3 4 5 6 7 9 10 11 12 14 15) *0, disabled.
[    0.875715] ACPI: PCI Interrupt Link [LNKE] (IRQs 3 4 5 6 7 9 10 11 12 14 15) *0, disabled.
[    0.875759] ACPI: PCI Interrupt Link [LNKF] (IRQs 3 4 5 6 7 9 10 11 12 14 15) *0, disabled.
[    0.875805] ACPI: PCI Interrupt Link [LNKG] (IRQs 3 4 5 6 7 9 10 11 12 14 15) *0, disabled.
[    0.875849] ACPI: PCI Interrupt Link [LNKH] (IRQs 3 4 5 6 7 9 10 11 12 14 15) *0, disabled.
[    0.876108] ACPI: PCI Root Bridge [PCI1] (domain 0000 [bus 80-fe])
[    0.876112] acpi PNP0A08:01: _OSC: OS supports [ExtendedConfig ASPM ClockPM Segments MSI]
[    0.876192] acpi PNP0A08:01: PCIe AER handled by firmware
[    0.876341] acpi PNP0A08:01: _OSC: OS now controls [PCIeHotplug SHPCHotplug PME PCIeCapability]
[    0.876343] acpi PNP0A08:01: FADT indicates ASPM is unsupported, using BIOS configuration
[    0.876488] PCI host bridge to bus 0000:80
[    0.876491] pci_bus 0000:80: root bus resource [io  0x8000-0xffff window]
[    0.876493] pci_bus 0000:80: root bus resource [mem 0xc8000000-0xfbffbfff window]
[    0.876496] pci_bus 0000:80: root bus resource [mem 0x3c000000000-0x3ffffffffff window]
[    0.876498] pci_bus 0000:80: root bus resource [bus 80-fe]
[    0.876509] pci 0000:80:01.0: [8086:6f02] type 01 class 0x060400
[    0.876604] pci 0000:80:01.0: PME# supported from D0 D3hot D3cold
[    0.876696] pci 0000:80:01.0: System wakeup disabled by ACPI
[    0.876739] pci 0000:80:03.0: [8086:6f08] type 01 class 0x060400
[    0.876832] pci 0000:80:03.0: PME# supported from D0 D3hot D3cold
[    0.876920] pci 0000:80:03.0: System wakeup disabled by ACPI
[    0.876962] pci 0000:80:05.0: [8086:6f28] type 00 class 0x088000
[    0.877084] pci 0000:80:05.1: [8086:6f29] type 00 class 0x088000
[    0.877226] pci 0000:80:05.2: [8086:6f2a] type 00 class 0x088000
[    0.877348] pci 0000:80:05.4: [8086:6f2c] type 00 class 0x080020
[    0.877357] pci 0000:80:05.4: reg 0x10: [mem 0xc8e00000-0xc8e00fff]
[    0.877702] pci 0000:81:00.0: [15b3:1003] type 00 class 0x028000
[    0.878073] pci 0000:81:00.0: reg 0x10: [mem 0xc8d00000-0xc8dfffff 64bit]
[    0.878287] pci 0000:81:00.0: reg 0x18: [mem 0xc8000000-0xc87fffff 64bit pref]
[    0.878685] pci 0000:81:00.0: reg 0x30: [mem 0xfff00000-0xffffffff pref]
[    0.880679] pci 0000:80:01.0: PCI bridge to [bus 81]
